Archive member included to satisfy reference by file (symbol)

c:/st/stm32cubeide_1.12.1/stm32cubeide/plugins/com.st.stm32cube.ide.mcu.externaltools.gnu-tools-for-stm32.10.3-2021.10.win32_1.0.200.202301161003/tools/bin/../lib/gcc/arm-none-eabi/10.3.1/../../../../arm-none-eabi/lib/thumb/v7e-m+fp/hard\libc_nano.a(lib_a-errno.o)
                              ./Core/Src/syscalls.o (__errno)
c:/st/stm32cubeide_1.12.1/stm32cubeide/plugins/com.st.stm32cube.ide.mcu.externaltools.gnu-tools-for-stm32.10.3-2021.10.win32_1.0.200.202301161003/tools/bin/../lib/gcc/arm-none-eabi/10.3.1/../../../../arm-none-eabi/lib/thumb/v7e-m+fp/hard\libc_nano.a(lib_a-exit.o)
                              c:/st/stm32cubeide_1.12.1/stm32cubeide/plugins/com.st.stm32cube.ide.mcu.externaltools.gnu-tools-for-stm32.10.3-2021.10.win32_1.0.200.202301161003/tools/bin/../lib/gcc/arm-none-eabi/10.3.1/../../../../arm-none-eabi/lib/thumb/v7e-m+fp/hard/crt0.o (exit)
c:/st/stm32cubeide_1.12.1/stm32cubeide/plugins/com.st.stm32cube.ide.mcu.externaltools.gnu-tools-for-stm32.10.3-2021.10.win32_1.0.200.202301161003/tools/bin/../lib/gcc/arm-none-eabi/10.3.1/../../../../arm-none-eabi/lib/thumb/v7e-m+fp/hard\libc_nano.a(lib_a-impure.o)
                              c:/st/stm32cubeide_1.12.1/stm32cubeide/plugins/com.st.stm32cube.ide.mcu.externaltools.gnu-tools-for-stm32.10.3-2021.10.win32_1.0.200.202301161003/tools/bin/../lib/gcc/arm-none-eabi/10.3.1/../../../../arm-none-eabi/lib/thumb/v7e-m+fp/hard\libc_nano.a(lib_a-exit.o) (_global_impure_ptr)
c:/st/stm32cubeide_1.12.1/stm32cubeide/plugins/com.st.stm32cube.ide.mcu.externaltools.gnu-tools-for-stm32.10.3-2021.10.win32_1.0.200.202301161003/tools/bin/../lib/gcc/arm-none-eabi/10.3.1/../../../../arm-none-eabi/lib/thumb/v7e-m+fp/hard\libc_nano.a(lib_a-init.o)
                              c:/st/stm32cubeide_1.12.1/stm32cubeide/plugins/com.st.stm32cube.ide.mcu.externaltools.gnu-tools-for-stm32.10.3-2021.10.win32_1.0.200.202301161003/tools/bin/../lib/gcc/arm-none-eabi/10.3.1/../../../../arm-none-eabi/lib/thumb/v7e-m+fp/hard/crt0.o (__libc_init_array)
c:/st/stm32cubeide_1.12.1/stm32cubeide/plugins/com.st.stm32cube.ide.mcu.externaltools.gnu-tools-for-stm32.10.3-2021.10.win32_1.0.200.202301161003/tools/bin/../lib/gcc/arm-none-eabi/10.3.1/../../../../arm-none-eabi/lib/thumb/v7e-m+fp/hard\libc_nano.a(lib_a-memset.o)
                              c:/st/stm32cubeide_1.12.1/stm32cubeide/plugins/com.st.stm32cube.ide.mcu.externaltools.gnu-tools-for-stm32.10.3-2021.10.win32_1.0.200.202301161003/tools/bin/../lib/gcc/arm-none-eabi/10.3.1/../../../../arm-none-eabi/lib/thumb/v7e-m+fp/hard/crt0.o (memset)

Discarded input sections

 .text          0x0000000000000000        0x0 c:/st/stm32cubeide_1.12.1/stm32cubeide/plugins/com.st.stm32cube.ide.mcu.externaltools.gnu-tools-for-stm32.10.3-2021.10.win32_1.0.200.202301161003/tools/bin/../lib/gcc/arm-none-eabi/10.3.1/thumb/v7e-m+fp/hard/crti.o
 .data          0x0000000000000000        0x0 c:/st/stm32cubeide_1.12.1/stm32cubeide/plugins/com.st.stm32cube.ide.mcu.externaltools.gnu-tools-for-stm32.10.3-2021.10.win32_1.0.200.202301161003/tools/bin/../lib/gcc/arm-none-eabi/10.3.1/thumb/v7e-m+fp/hard/crti.o
 .bss           0x0000000000000000        0x0 c:/st/stm32cubeide_1.12.1/stm32cubeide/plugins/com.st.stm32cube.ide.mcu.externaltools.gnu-tools-for-stm32.10.3-2021.10.win32_1.0.200.202301161003/tools/bin/../lib/gcc/arm-none-eabi/10.3.1/thumb/v7e-m+fp/hard/crti.o
 .data          0x0000000000000000        0x4 c:/st/stm32cubeide_1.12.1/stm32cubeide/plugins/com.st.stm32cube.ide.mcu.externaltools.gnu-tools-for-stm32.10.3-2021.10.win32_1.0.200.202301161003/tools/bin/../lib/gcc/arm-none-eabi/10.3.1/thumb/v7e-m+fp/hard/crtbegin.o
 .rodata        0x0000000000000000       0x24 c:/st/stm32cubeide_1.12.1/stm32cubeide/plugins/com.st.stm32cube.ide.mcu.externaltools.gnu-tools-for-stm32.10.3-2021.10.win32_1.0.200.202301161003/tools/bin/../lib/gcc/arm-none-eabi/10.3.1/thumb/v7e-m+fp/hard/crtbegin.o
 .text          0x0000000000000000       0x7c c:/st/stm32cubeide_1.12.1/stm32cubeide/plugins/com.st.stm32cube.ide.mcu.externaltools.gnu-tools-for-stm32.10.3-2021.10.win32_1.0.200.202301161003/tools/bin/../lib/gcc/arm-none-eabi/10.3.1/../../../../arm-none-eabi/lib/thumb/v7e-m+fp/hard/crt0.o
 .data          0x0000000000000000        0x0 c:/st/stm32cubeide_1.12.1/stm32cubeide/plugins/com.st.stm32cube.ide.mcu.externaltools.gnu-tools-for-stm32.10.3-2021.10.win32_1.0.200.202301161003/tools/bin/../lib/gcc/arm-none-eabi/10.3.1/../../../../arm-none-eabi/lib/thumb/v7e-m+fp/hard/crt0.o
 .bss           0x0000000000000000        0x0 c:/st/stm32cubeide_1.12.1/stm32cubeide/plugins/com.st.stm32cube.ide.mcu.externaltools.gnu-tools-for-stm32.10.3-2021.10.win32_1.0.200.202301161003/tools/bin/../lib/gcc/arm-none-eabi/10.3.1/../../../../arm-none-eabi/lib/thumb/v7e-m+fp/hard/crt0.o
[...]
Memory Configuration

Name             Origin             Length             Attributes
RAM              0x0000000020000000 0x0000000000008000 xrw
FLASH            0x0000000008000000 0x0000000000020000 xr
*default*        0x0000000000000000 0xffffffffffffffff

Linker script and memory map

LOAD c:/st/stm32cubeide_1.12.1/stm32cubeide/plugins/com.st.stm32cube.ide.mcu.externaltools.gnu-tools-for-stm32.10.3-2021.10.win32_1.0.200.202301161003/tools/bin/../lib/gcc/arm-none-eabi/10.3.1/thumb/v7e-m+fp/hard/crti.o
LOAD c:/st/stm32cubeide_1.12.1/stm32cubeide/plugins/com.st.stm32cube.ide.mcu.externaltools.gnu-tools-for-stm32.10.3-2021.10.win32_1.0.200.202301161003/tools/bin/../lib/gcc/arm-none-eabi/10.3.1/thumb/v7e-m+fp/hard/crtbegin.o
LOAD c:/st/stm32cubeide_1.12.1/stm32cubeide/plugins/com.st.stm32cube.ide.mcu.externaltools.gnu-tools-for-stm32.10.3-2021.10.win32_1.0.200.202301161003/tools/bin/../lib/gcc/arm-none-eabi/10.3.1/../../../../arm-none-eabi/lib/thumb/v7e-m+fp/hard/crt0.o
LOAD ./Core/Src/adc.o
LOAD ./Core/Src/comp.o
LOAD ./Core/Src/dac.o
LOAD ./Core/Src/dma.o
LOAD ./Core/Src/fdcan.o
LOAD ./Core/Src/gpio.o
LOAD ./Core/Src/main.o
LOAD ./Core/Src/stm32g4xx_hal_msp.o
LOAD ./Core/Src/stm32g4xx_it.o
LOAD ./Core/Src/syscalls.o
LOAD ./Core/Src/sysmem.o
LOAD ./Core/Src/system_stm32g4xx.o
LOAD ./Core/Src/tim.o
LOAD ./Core/Src/usart.o
LOAD ./Core/Startup/startup_stm32g431cbtx.o
LOAD ./Drivers/STM32G4xx_HAL_Driver/Src/stm32g4xx_hal.o
LOAD ./Drivers/STM32G4xx_HAL_Driver/Src/stm32g4xx_hal_adc.o
LOAD ./Drivers/STM32G4xx_HAL_Driver/Src/stm32g4xx_hal_adc_ex.o
LOAD ./Drivers/STM32G4xx_HAL_Driver/Src/stm32g4xx_hal_cortex.o
LOAD ./Drivers/STM32G4xx_HAL_Driver/Src/stm32g4xx_hal_dma.o
LOAD ./Drivers/STM32G4xx_HAL_Driver/Src/stm32g4xx_hal_dma_ex.o
LOAD ./Drivers/STM32G4xx_HAL_Driver/Src/stm32g4xx_hal_exti.o
LOAD ./Drivers/STM32G4xx_HAL_Driver/Src/stm32g4xx_hal_fdcan.o
LOAD ./Drivers/STM32G4xx_HAL_Driver/Src/stm32g4xx_hal_flash.o
LOAD ./Drivers/STM32G4xx_HAL_Driver/Src/stm32g4xx_hal_flash_ex.o
LOAD ./Drivers/STM32G4xx_HAL_Driver/Src/stm32g4xx_hal_flash_ramfunc.o
LOAD ./Drivers/STM32G4xx_HAL_Driver/Src/stm32g4xx_hal_gpio.o
LOAD ./Drivers/STM32G4xx_HAL_Driver/Src/stm32g4xx_hal_pwr.o
LOAD ./Drivers/STM32G4xx_HAL_Driver/Src/stm32g4xx_hal_pwr_ex.o
LOAD ./Drivers/STM32G4xx_HAL_Driver/Src/stm32g4xx_hal_rcc.o
LOAD ./Drivers/STM32G4xx_HAL_Driver/Src/stm32g4xx_hal_rcc_ex.o
LOAD ./Drivers/STM32G4xx_HAL_Driver/Src/stm32g4xx_hal_tim.o
LOAD ./Drivers/STM32G4xx_HAL_Driver/Src/stm32g4xx_hal_tim_ex.o
LOAD ./Drivers/STM32G4xx_HAL_Driver/Src/stm32g4xx_ll_adc.o
LOAD ./Drivers/STM32G4xx_HAL_Driver/Src/stm32g4xx_ll_comp.o
LOAD ./Drivers/STM32G4xx_HAL_Driver/Src/stm32g4xx_ll_dac.o
LOAD ./Drivers/STM32G4xx_HAL_Driver/Src/stm32g4xx_ll_dma.o
LOAD ./Drivers/STM32G4xx_HAL_Driver/Src/stm32g4xx_ll_exti.o
LOAD ./Drivers/STM32G4xx_HAL_Driver/Src/stm32g4xx_ll_gpio.o
LOAD ./Drivers/STM32G4xx_HAL_Driver/Src/stm32g4xx_ll_rcc.o
LOAD ./Drivers/STM32G4xx_HAL_Driver/Src/stm32g4xx_ll_tim.o
LOAD ./Drivers/STM32G4xx_HAL_Driver/Src/stm32g4xx_ll_usart.o
LOAD ./Drivers/STM32G4xx_HAL_Driver/Src/stm32g4xx_ll_utils.o
START GROUP
LOAD c:/st/stm32cubeide_1.12.1/stm32cubeide/plugins/com.st.stm32cube.ide.mcu.externaltools.gnu-tools-for-stm32.10.3-2021.10.win32_1.0.200.202301161003/tools/bin/../lib/gcc/arm-none-eabi/10.3.1/../../../../arm-none-eabi/lib/thumb/v7e-m+fp/hard\libc_nano.a
LOAD c:/st/stm32cubeide_1.12.1/stm32cubeide/plugins/com.st.stm32cube.ide.mcu.externaltools.gnu-tools-for-stm32.10.3-2021.10.win32_1.0.200.202301161003/tools/bin/../lib/gcc/arm-none-eabi/10.3.1/../../../../arm-none-eabi/lib/thumb/v7e-m+fp/hard\libm.a
END GROUP
START GROUP
LOAD c:/st/stm32cubeide_1.12.1/stm32cubeide/plugins/com.st.stm32cube.ide.mcu.externaltools.gnu-tools-for-stm32.10.3-2021.10.win32_1.0.200.202301161003/tools/bin/../lib/gcc/arm-none-eabi/10.3.1/thumb/v7e-m+fp/hard\libgcc.a
LOAD c:/st/stm32cubeide_1.12.1/stm32cubeide/plugins/com.st.stm32cube.ide.mcu.externaltools.gnu-tools-for-stm32.10.3-2021.10.win32_1.0.200.202301161003/tools/bin/../lib/gcc/arm-none-eabi/10.3.1/../../../../arm-none-eabi/lib/thumb/v7e-m+fp/hard\libc_nano.a
END GROUP
START GROUP
LOAD c:/st/stm32cubeide_1.12.1/stm32cubeide/plugins/com.st.stm32cube.ide.mcu.externaltools.gnu-tools-for-stm32.10.3-2021.10.win32_1.0.200.202301161003/tools/bin/../lib/gcc/arm-none-eabi/10.3.1/thumb/v7e-m+fp/hard\libgcc.a
LOAD c:/st/stm32cubeide_1.12.1/stm32cubeide/plugins/com.st.stm32cube.ide.mcu.externaltools.gnu-tools-for-stm32.10.3-2021.10.win32_1.0.200.202301161003/tools/bin/../lib/gcc/arm-none-eabi/10.3.1/../../../../arm-none-eabi/lib/thumb/v7e-m+fp/hard\libc_nano.a
LOAD c:/st/stm32cubeide_1.12.1/stm32cubeide/plugins/com.st.stm32cube.ide.mcu.externaltools.gnu-tools-for-stm32.10.3-2021.10.win32_1.0.200.202301161003/tools/bin/../lib/gcc/arm-none-eabi/10.3.1/../../../../arm-none-eabi/lib/thumb/v7e-m+fp/hard\libnosys.a
END GROUP
START GROUP
LOAD c:/st/stm32cubeide_1.12.1/stm32cubeide/plugins/com.st.stm32cube.ide.mcu.externaltools.gnu-tools-for-stm32.10.3-2021.10.win32_1.0.200.202301161003/tools/bin/../lib/gcc/arm-none-eabi/10.3.1/thumb/v7e-m+fp/hard\libgcc.a
LOAD c:/st/stm32cubeide_1.12.1/stm32cubeide/plugins/com.st.stm32cube.ide.mcu.externaltools.gnu-tools-for-stm32.10.3-2021.10.win32_1.0.200.202301161003/tools/bin/../lib/gcc/arm-none-eabi/10.3.1/../../../../arm-none-eabi/lib/thumb/v7e-m+fp/hard\libc_nano.a
LOAD c:/st/stm32cubeide_1.12.1/stm32cubeide/plugins/com.st.stm32cube.ide.mcu.externaltools.gnu-tools-for-stm32.10.3-2021.10.win32_1.0.200.202301161003/tools/bin/../lib/gcc/arm-none-eabi/10.3.1/../../../../arm-none-eabi/lib/thumb/v7e-m+fp/hard\libnosys.a
END GROUP
LOAD c:/st/stm32cubeide_1.12.1/stm32cubeide/plugins/com.st.stm32cube.ide.mcu.externaltools.gnu-tools-for-stm32.10.3-2021.10.win32_1.0.200.202301161003/tools/bin/../lib/gcc/arm-none-eabi/10.3.1/thumb/v7e-m+fp/hard/crtend.o
LOAD c:/st/stm32cubeide_1.12.1/stm32cubeide/plugins/com.st.stm32cube.ide.mcu.externaltools.gnu-tools-for-stm32.10.3-2021.10.win32_1.0.200.202301161003/tools/bin/../lib/gcc/arm-none-eabi/10.3.1/thumb/v7e-m+fp/hard/crtn.o
                0x0000000020008000                _estack = (ORIGIN (RAM) + LENGTH (RAM))
                0x0000000000000200                _Min_Heap_Size = 0x200
                0x0000000000000400                _Min_Stack_Size = 0x400

.isr_vector     0x0000000008000000      0x1d8
                0x0000000008000000                . = ALIGN (0x4)
 *(.isr_vector)
 .isr_vector    0x0000000008000000      0x1d8 ./Core/Startup/startup_stm32g431cbtx.o
                0x0000000008000000                g_pfnVectors
                0x00000000080001d8                . = ALIGN (0x4)

.text           0x00000000080001d8     0x6064
                0x00000000080001d8                . = ALIGN (0x4)
 *(.text)
 .text          0x00000000080001d8       0x40 c:/st/stm32cubeide_1.12.1/stm32cubeide/plugins/com.st.stm32cube.ide.mcu.externaltools.gnu-tools-for-stm32.10.3-2021.10.win32_1.0.200.202301161003/tools/bin/../lib/gcc/arm-none-eabi/10.3.1/thumb/v7e-m+fp/hard/crtbegin.o
 *(.text*)
 .text.LL_RCC_SetADCClockSource
                0x0000000008000218       0x48 ./Core/Src/adc.o
 .text.MX_ADC1_Init
                0x0000000008000260      0x1b8 ./Core/Src/adc.o
                0x0000000008000260                MX_ADC1_Init
 .text.MX_ADC2_Init
                0x0000000008000418       0xcc ./Core/Src/adc.o
                0x0000000008000418                MX_ADC2_Init
 .text.HAL_ADC_MspInit
                0x00000000080004e4      0x1d0 ./Core/Src/adc.o
                0x00000000080004e4                HAL_ADC_MspInit
 .text.LL_EXTI_DisableIT_0_31
                0x00000000080006b4       0x28 ./Core/Src/comp.o
 .text.LL_EXTI_DisableEvent_0_31
                0x00000000080006dc       0x28 ./Core/Src/comp.o
 .text.LL_AHB2_GRP1_EnableClock
                0x0000000008000704       0x30 ./Core/Src/comp.o
 .text.MX_COMP1_Init
                0x0000000008000734       0xb0 ./Core/Src/comp.o
                0x0000000008000734                MX_COMP1_Init
 .text.MX_COMP2_Init
                0x00000000080007e4       0xb0 ./Core/Src/comp.o
                0x00000000080007e4                MX_COMP2_Init
 .text.MX_COMP3_Init
                0x0000000008000894       0xb0 ./Core/Src/comp.o
                0x0000000008000894                MX_COMP3_Init
 .text.LL_DAC_SetSignedFormat
                0x0000000008000944       0x40 ./Core/Src/dac.o
 .text.LL_DAC_DisableDMADoubleDataMode
                0x0000000008000984       0x30 ./Core/Src/dac.o
 .text.LL_DAC_DisableTrigger
                0x00000000080009b4       0x2e ./Core/Src/dac.o
 *fill*         0x00000000080009e2        0x2 
 .text.LL_AHB2_GRP1_EnableClock
                0x00000000080009e4       0x30 ./Core/Src/dac.o
 .text.MX_DAC1_Init
                0x0000000008000a14       0xe4 ./Core/Src/dac.o
                0x0000000008000a14                MX_DAC1_Init
 .text.MX_DAC3_Init
                0x0000000008000af8       0x98 ./Core/Src/dac.o
                0x0000000008000af8                MX_DAC3_Init
 .text.MX_DMA_Init
                0x0000000008000b90       0x54 ./Core/Src/dma.o
                0x0000000008000b90                MX_DMA_Init
 .text.LL_RCC_SetFDCANClockSource
                0x0000000008000be4       0x2c ./Core/Src/fdcan.o
 .text.MX_FDCAN1_Init
                0x0000000008000c10       0x8c ./Core/Src/fdcan.o
                0x0000000008000c10                MX_FDCAN1_Init
 .text.HAL_FDCAN_MspInit
                0x0000000008000c9c       0xa0 ./Core/Src/fdcan.o
                0x0000000008000c9c                HAL_FDCAN_MspInit
 .text.__NVIC_GetPriorityGrouping
                0x0000000008000d3c       0x1c ./Core/Src/gpio.o
 .text.__NVIC_EnableIRQ
                0x0000000008000d58       0x3c ./Core/Src/gpio.o
 .text.__NVIC_SetPriority
                0x0000000008000d94       0x54 ./Core/Src/gpio.o
 .text.NVIC_EncodePriority
                0x0000000008000de8       0x66 ./Core/Src/gpio.o
 *fill*         0x0000000008000e4e        0x2 
 .text.LL_AHB2_GRP1_EnableClock
                0x0000000008000e50       0x30 ./Core/Src/gpio.o
 .text.LL_SYSCFG_SetEXTISource
                0x0000000008000e80       0x70 ./Core/Src/gpio.o
 .text.LL_GPIO_SetPinMode
                0x0000000008000ef0       0x7a ./Core/Src/gpio.o
 .text.LL_GPIO_SetPinPull
                0x0000000008000f6a       0x7a ./Core/Src/gpio.o
 .text.LL_GPIO_ResetOutputPin
                0x0000000008000fe4       0x1c ./Core/Src/gpio.o
 .text.MX_GPIO_Init
                0x0000000008001000      0x168 ./Core/Src/gpio.o
                0x0000000008001000                MX_GPIO_Init
 .text.LL_RCC_HSE_Enable
                0x0000000008001168       0x20 ./Core/Src/main.o
 .text.LL_RCC_HSE_IsReady
                0x0000000008001188       0x28 ./Core/Src/main.o
 .text.LL_RCC_SetSysClkSource
                0x00000000080011b0       0x28 ./Core/Src/main.o
 .text.LL_RCC_GetSysClkSource
                0x00000000080011d8       0x1c ./Core/Src/main.o
 .text.LL_RCC_SetAHBPrescaler
                0x00000000080011f4       0x28 ./Core/Src/main.o
 .text.LL_RCC_SetAPB1Prescaler
                0x000000000800121c       0x28 ./Core/Src/main.o
 .text.LL_RCC_SetAPB2Prescaler
                0x0000000008001244       0x28 ./Core/Src/main.o
 .text.LL_RCC_PLL_Enable
                0x000000000800126c       0x20 ./Core/Src/main.o
 .text.LL_RCC_PLL_IsReady
                0x000000000800128c       0x28 ./Core/Src/main.o
 .text.LL_RCC_PLL_ConfigDomain_SYS
                0x00000000080012b4       0x40 ./Core/Src/main.o
 .text.LL_RCC_PLL_EnableDomain_SYS
                0x00000000080012f4       0x20 ./Core/Src/main.o
 .text.LL_FLASH_SetLatency
                0x0000000008001314       0x28 ./Core/Src/main.o
 .text.LL_FLASH_GetLatency
                0x000000000800133c       0x1c ./Core/Src/main.o
 .text.LL_PWR_SetRegulVoltageScaling
                0x0000000008001358       0x28 ./Core/Src/main.o
 .text.main     0x0000000008001380       0x4e ./Core/Src/main.o
                0x0000000008001380                main
 *fill*         0x00000000080013ce        0x2 
 .text.SystemClock_Config
                0x00000000080013d0       0xc8 ./Core/Src/main.o
                0x00000000080013d0                SystemClock_Config
 .text.Error_Handler
                0x0000000008001498        0xa ./Core/Src/main.o
                0x0000000008001498                Error_Handler
 *fill*         0x00000000080014a2        0x2 
 .text.HAL_MspInit
                0x00000000080014a4       0x50 ./Core/Src/stm32g4xx_hal_msp.o
                0x00000000080014a4                HAL_MspInit
 .text.NMI_Handler
                0x00000000080014f4        0x6 ./Core/Src/stm32g4xx_it.o
                0x00000000080014f4                NMI_Handler
 .text.HardFault_Handler
                0x00000000080014fa        0x6 ./Core/Src/stm32g4xx_it.o
                0x00000000080014fa                HardFault_Handler
 .text.MemManage_Handler
                0x0000000008001500        0x6 ./Core/Src/stm32g4xx_it.o
                0x0000000008001500                MemManage_Handler
 .text.BusFault_Handler
                0x0000000008001506        0x6 ./Core/Src/stm32g4xx_it.o
                0x0000000008001506                BusFault_Handler
 .text.UsageFault_Handler
                0x000000000800150c        0x6 ./Core/Src/stm32g4xx_it.o
                0x000000000800150c                UsageFault_Handler
 .text.SVC_Handler
                0x0000000008001512        0xe ./Core/Src/stm32g4xx_it.o
                0x0000000008001512                SVC_Handler
 .text.DebugMon_Handler
                0x0000000008001520        0xe ./Core/Src/stm32g4xx_it.o
                0x0000000008001520                DebugMon_Handler
 .text.PendSV_Handler
                0x000000000800152e        0xe ./Core/Src/stm32g4xx_it.o
                0x000000000800152e                PendSV_Handler
 .text.SysTick_Handler
                0x000000000800153c        0xc ./Core/Src/stm32g4xx_it.o
                0x000000000800153c                SysTick_Handler
 .text.DMA1_Channel1_IRQHandler
                0x0000000008001548       0x14 ./Core/Src/stm32g4xx_it.o
                0x0000000008001548                DMA1_Channel1_IRQHandler
 .text.FDCAN1_IT0_IRQHandler
                0x000000000800155c       0x14 ./Core/Src/stm32g4xx_it.o
                0x000000000800155c                FDCAN1_IT0_IRQHandler
 .text.SystemInit
                0x0000000008001570       0x24 ./Core/Src/system_stm32g4xx.o
                0x0000000008001570                SystemInit
 .text.__NVIC_GetPriorityGrouping
                0x0000000008001594       0x1c ./Core/Src/tim.o
 .text.__NVIC_EnableIRQ
                0x00000000080015b0       0x3c ./Core/Src/tim.o
 .text.__NVIC_SetPriority
                0x00000000080015ec       0x54 ./Core/Src/tim.o
 .text.NVIC_EncodePriority
                0x0000000008001640       0x66 ./Core/Src/tim.o
 *fill*         0x00000000080016a6        0x2 
 .text.LL_AHB2_GRP1_EnableClock
                0x00000000080016a8       0x30 ./Core/Src/tim.o
 .text.LL_APB1_GRP1_EnableClock
                0x00000000080016d8       0x30 ./Core/Src/tim.o
 .text.LL_APB2_GRP1_EnableClock
                0x0000000008001708       0x30 ./Core/Src/tim.o
 .text.LL_TIM_EnableARRPreload
                0x0000000008001738       0x20 ./Core/Src/tim.o
 .text.LL_TIM_DisableARRPreload
                0x0000000008001758       0x20 ./Core/Src/tim.o
 .text.LL_TIM_OC_DisableFast
                0x0000000008001778       0xb0 ./Core/Src/tim.o
 .text.LL_TIM_OC_EnablePreload
                0x0000000008001828       0xac ./Core/Src/tim.o
 .text.LL_TIM_IC_SetActiveInput
                0x00000000080018d4       0xc0 ./Core/Src/tim.o
 .text.LL_TIM_IC_SetPrescaler
                0x0000000008001994       0xc0 ./Core/Src/tim.o
 .text.LL_TIM_IC_SetFilter
                0x0000000008001a54       0xc0 ./Core/Src/tim.o
 .text.LL_TIM_IC_SetPolarity
                0x0000000008001b14       0xac ./Core/Src/tim.o
 .text.LL_TIM_SetClockSource
                0x0000000008001bc0       0x2a ./Core/Src/tim.o
 .text.LL_TIM_SetTriggerOutput
                0x0000000008001bea       0x2a ./Core/Src/tim.o
 .text.LL_TIM_SetTriggerOutput2
                0x0000000008001c14       0x26 ./Core/Src/tim.o
 .text.LL_TIM_EnableMasterSlaveMode
                0x0000000008001c3a       0x20 ./Core/Src/tim.o
 .text.LL_TIM_DisableMasterSlaveMode
                0x0000000008001c5a       0x20 ./Core/Src/tim.o
 .text.LL_TIM_SetBreakInputSourcePolarity
                0x0000000008001c7a       0x8e ./Core/Src/tim.o
 .text.LL_TIM_EnableDeadTimePreload
                0x0000000008001d08       0x20 ./Core/Src/tim.o
 .text.MX_TIM1_Init
                0x0000000008001d28      0x2c8 ./Core/Src/tim.o
                0x0000000008001d28                MX_TIM1_Init
 .text.MX_TIM2_Init
                0x0000000008001ff0       0x86 ./Core/Src/tim.o
                0x0000000008001ff0                MX_TIM2_Init
 *fill*         0x0000000008002076        0x2 
 .text.MX_TIM3_Init
                0x0000000008002078       0x80 ./Core/Src/tim.o
                0x0000000008002078                MX_TIM3_Init
 .text.MX_TIM4_Init
                0x00000000080020f8      0x184 ./Core/Src/tim.o
                0x00000000080020f8                MX_TIM4_Init
 .text.MX_TIM8_Init
                0x000000000800227c       0x8c ./Core/Src/tim.o
                0x000000000800227c                MX_TIM8_Init
 .text.LL_RCC_SetUSARTClockSource
                0x0000000008002308       0x34 ./Core/Src/usart.o
 .text.LL_AHB2_GRP1_EnableClock
                0x000000000800233c       0x30 ./Core/Src/usart.o
 .text.LL_APB1_GRP1_EnableClock
                0x000000000800236c       0x30 ./Core/Src/usart.o
 .text.LL_USART_Enable
                0x000000000800239c       0x20 ./Core/Src/usart.o
 .text.LL_USART_DisableFIFO
                0x00000000080023bc       0x20 ./Core/Src/usart.o
 .text.LL_USART_SetTXFIFOThreshold
                0x00000000080023dc       0x4e ./Core/Src/usart.o
 .text.LL_USART_SetRXFIFOThreshold
                0x000000000800242a       0x4e ./Core/Src/usart.o
 .text.LL_USART_ConfigAsyncMode
                0x0000000008002478       0x2c ./Core/Src/usart.o
 .text.LL_USART_IsActiveFlag_TEACK
                0x00000000080024a4       0x28 ./Core/Src/usart.o
 .text.LL_USART_IsActiveFlag_REACK
                0x00000000080024cc       0x28 ./Core/Src/usart.o
 .text.MX_USART3_UART_Init
                0x00000000080024f4      0x100 ./Core/Src/usart.o
                0x00000000080024f4                MX_USART3_UART_Init
 .text.Reset_Handler
                0x00000000080025f4       0x50 ./Core/Startup/startup_stm32g431cbtx.o
                0x00000000080025f4                Reset_Handler
 .text.Default_Handler
                0x0000000008002644        0x2 ./Core/Startup/startup_stm32g431cbtx.o
                0x0000000008002644                RTC_Alarm_IRQHandler
                0x0000000008002644                EXTI2_IRQHandler
                0x0000000008002644                TIM8_TRG_COM_IRQHandler
                0x0000000008002644                TIM8_CC_IRQHandler
                0x0000000008002644                TIM1_CC_IRQHandler
                0x0000000008002644                USB_HP_IRQHandler
                0x0000000008002644                CORDIC_IRQHandler
                0x0000000008002644                EXTI3_IRQHandler
                0x0000000008002644                I2C3_ER_IRQHandler
                0x0000000008002644                EXTI0_IRQHandler
                0x0000000008002644                I2C2_EV_IRQHandler
                0x0000000008002644                FPU_IRQHandler
                0x0000000008002644                FDCAN1_IT1_IRQHandler
                0x0000000008002644                TIM1_UP_TIM16_IRQHandler
                0x0000000008002644                ADC1_2_IRQHandler
                0x0000000008002644                SPI1_IRQHandler
                0x0000000008002644                TIM6_DAC_IRQHandler
                0x0000000008002644                TIM8_UP_IRQHandler
                0x0000000008002644                DMA2_Channel2_IRQHandler
                0x0000000008002644                DMA1_Channel4_IRQHandler
                0x0000000008002644                USART3_IRQHandler
                0x0000000008002644                TIM4_IRQHandler
                0x0000000008002644                DMA2_Channel1_IRQHandler
                0x0000000008002644                I2C1_EV_IRQHandler
                0x0000000008002644                DMA1_Channel6_IRQHandler
                0x0000000008002644                UART4_IRQHandler
                0x0000000008002644                DMA2_Channel4_IRQHandler
                0x0000000008002644                TIM3_IRQHandler
                0x0000000008002644                RCC_IRQHandler
                0x0000000008002644                Default_Handler
                0x0000000008002644                RTC_TAMP_LSECSS_IRQHandler
                0x0000000008002644                FMAC_IRQHandler
                0x0000000008002644                EXTI15_10_IRQHandler
                0x0000000008002644                TIM7_IRQHandler
                0x0000000008002644                UCPD1_IRQHandler
                0x0000000008002644                I2C3_EV_IRQHandler
                0x0000000008002644                EXTI9_5_IRQHandler
                0x0000000008002644                RTC_WKUP_IRQHandler
                0x0000000008002644                PVD_PVM_IRQHandler
                0x0000000008002644                SPI2_IRQHandler
                0x0000000008002644                DMA2_Channel5_IRQHandler
                0x0000000008002644                CRS_IRQHandler
                0x0000000008002644                DMA1_Channel5_IRQHandler
                0x0000000008002644                USB_LP_IRQHandler
                0x0000000008002644                EXTI4_IRQHandler
                0x0000000008002644                RNG_IRQHandler
                0x0000000008002644                TIM1_TRG_COM_TIM17_IRQHandler
                0x0000000008002644                DMA1_Channel3_IRQHandler
                0x0000000008002644                WWDG_IRQHandler
                0x0000000008002644                LPUART1_IRQHandler
                0x0000000008002644                DMA2_Channel6_IRQHandler
                0x0000000008002644                TIM2_IRQHandler
                0x0000000008002644                COMP1_2_3_IRQHandler
                0x0000000008002644                EXTI1_IRQHandler
                0x0000000008002644                USART2_IRQHandler
                0x0000000008002644                I2C2_ER_IRQHandler
                0x0000000008002644                DMA1_Channel2_IRQHandler
                0x0000000008002644                TIM8_BRK_IRQHandler
                0x0000000008002644                FLASH_IRQHandler
                0x0000000008002644                USART1_IRQHandler
                0x0000000008002644                SPI3_IRQHandler
                0x0000000008002644                I2C1_ER_IRQHandler
                0x0000000008002644                LPTIM1_IRQHandler
                0x0000000008002644                DMAMUX_OVR_IRQHandler
                0x0000000008002644                USBWakeUp_IRQHandler
                0x0000000008002644                SAI1_IRQHandler
                0x0000000008002644                DMA2_Channel3_IRQHandler
                0x0000000008002644                COMP4_IRQHandler
                0x0000000008002644                TIM1_BRK_TIM15_IRQHandler
 .text.HAL_Init
                0x0000000008002646       0x30 ./Drivers/STM32G4xx_HAL_Driver/Src/stm32g4xx_hal.o
                0x0000000008002646                HAL_Init
 *fill*         0x0000000008002676        0x2 
 .text.HAL_InitTick
                0x0000000008002678       0x74 ./Drivers/STM32G4xx_HAL_Driver/Src/stm32g4xx_hal.o
                0x0000000008002678                HAL_InitTick
 .text.HAL_IncTick
                0x00000000080026ec       0x24 ./Drivers/STM32G4xx_HAL_Driver/Src/stm32g4xx_hal.o
                0x00000000080026ec                HAL_IncTick
 .text.HAL_GetTick
                0x0000000008002710       0x18 ./Drivers/STM32G4xx_HAL_Driver/Src/stm32g4xx_hal.o
                0x0000000008002710                HAL_GetTick
 .text.HAL_SYSCFG_VREFBUF_HighImpedanceConfig
                0x0000000008002728       0x28 ./Drivers/STM32G4xx_HAL_Driver/Src/stm32g4xx_hal.o
                0x0000000008002728                HAL_SYSCFG_VREFBUF_HighImpedanceConfig
 .text.HAL_SYSCFG_DisableVREFBUF
                0x0000000008002750       0x20 ./Drivers/STM32G4xx_HAL_Driver/Src/stm32g4xx_hal.o
                0x0000000008002750                HAL_SYSCFG_DisableVREFBUF
 .text.LL_ADC_SetCommonClock
                0x0000000008002770       0x26 ./Drivers/STM32G4xx_HAL_Driver/Src/stm32g4xx_hal_adc.o
 .text.LL_ADC_SetCommonPathInternalCh
                0x0000000008002796       0x26 ./Drivers/STM32G4xx_HAL_Driver/Src/stm32g4xx_hal_adc.o
 .text.LL_ADC_GetCommonPathInternalCh
                0x00000000080027bc       0x1c ./Drivers/STM32G4xx_HAL_Driver/Src/stm32g4xx_hal_adc.o
 .text.LL_ADC_SetOffset
                0x00000000080027d8       0x48 ./Drivers/STM32G4xx_HAL_Driver/Src/stm32g4xx_hal_adc.o
 .text.LL_ADC_GetOffsetChannel
                0x0000000008002820       0x2c ./Drivers/STM32G4xx_HAL_Driver/Src/stm32g4xx_hal_adc.o
 .text.LL_ADC_SetOffsetState
                0x000000000800284c       0x36 ./Drivers/STM32G4xx_HAL_Driver/Src/stm32g4xx_hal_adc.o
 .text.LL_ADC_SetOffsetSign
                0x0000000008002882       0x36 ./Drivers/STM32G4xx_HAL_Driver/Src/stm32g4xx_hal_adc.o
 .text.LL_ADC_SetOffsetSaturation
                0x00000000080028b8       0x36 ./Drivers/STM32G4xx_HAL_Driver/Src/stm32g4xx_hal_adc.o
 .text.LL_ADC_SetSamplingTimeCommonConfig
                0x00000000080028ee       0x26 ./Drivers/STM32G4xx_HAL_Driver/Src/stm32g4xx_hal_adc.o
 .text.LL_ADC_REG_SetSequencerRanks
                0x0000000008002914       0x58 ./Drivers/STM32G4xx_HAL_Driver/Src/stm32g4xx_hal_adc.o
 .text.LL_ADC_SetChannelSamplingTime
                0x000000000800296c       0x56 ./Drivers/STM32G4xx_HAL_Driver/Src/stm32g4xx_hal_adc.o
 *fill*         0x00000000080029c2        0x2 
 .text.LL_ADC_SetChannelSingleDiff
                0x00000000080029c4       0x50 ./Drivers/STM32G4xx_HAL_Driver/Src/stm32g4xx_hal_adc.o
 .text.LL_ADC_DisableDeepPowerDown
                0x0000000008002a14       0x24 ./Drivers/STM32G4xx_HAL_Driver/Src/stm32g4xx_hal_adc.o
 .text.LL_ADC_IsDeepPowerDownEnabled
                0x0000000008002a38       0x28 ./Drivers/STM32G4xx_HAL_Driver/Src/stm32g4xx_hal_adc.o
 .text.LL_ADC_EnableInternalRegulator
                0x0000000008002a60       0x28 ./Drivers/STM32G4xx_HAL_Driver/Src/stm32g4xx_hal_adc.o
 .text.LL_ADC_IsInternalRegulatorEnabled
                0x0000000008002a88       0x28 ./Drivers/STM32G4xx_HAL_Driver/Src/stm32g4xx_hal_adc.o
 .text.LL_ADC_IsEnabled
                0x0000000008002ab0       0x26 ./Drivers/STM32G4xx_HAL_Driver/Src/stm32g4xx_hal_adc.o
 .text.LL_ADC_REG_IsConversionOngoing
                0x0000000008002ad6       0x26 ./Drivers/STM32G4xx_HAL_Driver/Src/stm32g4xx_hal_adc.o
 .text.LL_ADC_INJ_IsConversionOngoing
                0x0000000008002afc       0x26 ./Drivers/STM32G4xx_HAL_Driver/Src/stm32g4xx_hal_adc.o
 *fill*         0x0000000008002b22        0x2 
 .text.HAL_ADC_Init
                0x0000000008002b24      0x314 ./Drivers/STM32G4xx_HAL_Driver/Src/stm32g4xx_hal_adc.o
                0x0000000008002b24                HAL_ADC_Init
 .text.HAL_ADC_ConfigChannel
                0x0000000008002e38      0x7e0 ./Drivers/STM32G4xx_HAL_Driver/Src/stm32g4xx_hal_adc.o
                0x0000000008002e38                HAL_ADC_ConfigChannel
 .text.LL_ADC_IsEnabled
                0x0000000008003618       0x26 ./Drivers/STM32G4xx_HAL_Driver/Src/stm32g4xx_hal_adc_ex.o
 .text.LL_ADC_REG_IsConversionOngoing
                0x000000000800363e       0x26 ./Drivers/STM32G4xx_HAL_Driver/Src/stm32g4xx_hal_adc_ex.o
 .text.HAL_ADCEx_MultiModeConfigChannel
                0x0000000008003664      0x148 ./Drivers/STM32G4xx_HAL_Driver/Src/stm32g4xx_hal_adc_ex.o
                0x0000000008003664                HAL_ADCEx_MultiModeConfigChannel
 .text.__NVIC_SetPriorityGrouping
                0x00000000080037ac       0x48 ./Drivers/STM32G4xx_HAL_Driver/Src/stm32g4xx_hal_cortex.o
 .text.__NVIC_GetPriorityGrouping
                0x00000000080037f4       0x1c ./Drivers/STM32G4xx_HAL_Driver/Src/stm32g4xx_hal_cortex.o
 .text.__NVIC_EnableIRQ
                0x0000000008003810       0x3c ./Drivers/STM32G4xx_HAL_Driver/Src/stm32g4xx_hal_cortex.o
 .text.__NVIC_SetPriority
                0x000000000800384c       0x54 ./Drivers/STM32G4xx_HAL_Driver/Src/stm32g4xx_hal_cortex.o
 .text.NVIC_EncodePriority
                0x00000000080038a0       0x66 ./Drivers/STM32G4xx_HAL_Driver/Src/stm32g4xx_hal_cortex.o
 *fill*         0x0000000008003906        0x2 
 .text.SysTick_Config
                0x0000000008003908       0x44 ./Drivers/STM32G4xx_HAL_Driver/Src/stm32g4xx_hal_cortex.o
 .text.HAL_NVIC_SetPriorityGrouping
                0x000000000800394c       0x16 ./Drivers/STM32G4xx_HAL_Driver/Src/stm32g4xx_hal_cortex.o
                0x000000000800394c                HAL_NVIC_SetPriorityGrouping
 .text.HAL_NVIC_SetPriority
                0x0000000008003962       0x34 ./Drivers/STM32G4xx_HAL_Driver/Src/stm32g4xx_hal_cortex.o
                0x0000000008003962                HAL_NVIC_SetPriority
 .text.HAL_NVIC_EnableIRQ
                0x0000000008003996       0x1c ./Drivers/STM32G4xx_HAL_Driver/Src/stm32g4xx_hal_cortex.o
                0x0000000008003996                HAL_NVIC_EnableIRQ
 .text.HAL_SYSTICK_Config
                0x00000000080039b2       0x18 ./Drivers/STM32G4xx_HAL_Driver/Src/stm32g4xx_hal_cortex.o
                0x00000000080039b2                HAL_SYSTICK_Config
 *fill*         0x00000000080039ca        0x2 
 .text.HAL_DMA_Init
                0x00000000080039cc      0x150 ./Drivers/STM32G4xx_HAL_Driver/Src/stm32g4xx_hal_dma.o
                0x00000000080039cc                HAL_DMA_Init
 .text.HAL_DMA_IRQHandler
                0x0000000008003b1c      0x15e ./Drivers/STM32G4xx_HAL_Driver/Src/stm32g4xx_hal_dma.o
                0x0000000008003b1c                HAL_DMA_IRQHandler
 *fill*         0x0000000008003c7a        0x2 
 .text.DMA_CalcDMAMUXChannelBaseAndMask
                0x0000000008003c7c       0x7c ./Drivers/STM32G4xx_HAL_Driver/Src/stm32g4xx_hal_dma.o
 .text.DMA_CalcDMAMUXRequestGenBaseAndMask
                0x0000000008003cf8       0x48 ./Drivers/STM32G4xx_HAL_Driver/Src/stm32g4xx_hal_dma.o
 .text.HAL_FDCAN_Init
                0x0000000008003d40      0x2b4 ./Drivers/STM32G4xx_HAL_Driver/Src/stm32g4xx_hal_fdcan.o
                0x0000000008003d40                HAL_FDCAN_Init
 .text.HAL_FDCAN_IRQHandler
                0x0000000008003ff4      0x272 ./Drivers/STM32G4xx_HAL_Driver/Src/stm32g4xx_hal_fdcan.o
                0x0000000008003ff4                HAL_FDCAN_IRQHandler
 .text.HAL_FDCAN_TxEventFifoCallback
                0x0000000008004266       0x16 ./Drivers/STM32G4xx_HAL_Driver/Src/stm32g4xx_hal_fdcan.o
                0x0000000008004266                HAL_FDCAN_TxEventFifoCallback
 .text.HAL_FDCAN_RxFifo0Callback
                0x000000000800427c       0x16 ./Drivers/STM32G4xx_HAL_Driver/Src/stm32g4xx_hal_fdcan.o
                0x000000000800427c                HAL_FDCAN_RxFifo0Callback
 .text.HAL_FDCAN_RxFifo1Callback
                0x0000000008004292       0x16 ./Drivers/STM32G4xx_HAL_Driver/Src/stm32g4xx_hal_fdcan.o
                0x0000000008004292                HAL_FDCAN_RxFifo1Callback
 .text.HAL_FDCAN_TxFifoEmptyCallback
                0x00000000080042a8       0x14 ./Drivers/STM32G4xx_HAL_Driver/Src/stm32g4xx_hal_fdcan.o
                0x00000000080042a8                HAL_FDCAN_TxFifoEmptyCallback
 .text.HAL_FDCAN_TxBufferCompleteCallback
                0x00000000080042bc       0x16 ./Drivers/STM32G4xx_HAL_Driver/Src/stm32g4xx_hal_fdcan.o
                0x00000000080042bc                HAL_FDCAN_TxBufferCompleteCallback
 .text.HAL_FDCAN_TxBufferAbortCallback
                0x00000000080042d2       0x16 ./Drivers/STM32G4xx_HAL_Driver/Src/stm32g4xx_hal_fdcan.o
                0x00000000080042d2                HAL_FDCAN_TxBufferAbortCallback
 .text.HAL_FDCAN_TimestampWraparoundCallback
                0x00000000080042e8       0x14 ./Drivers/STM32G4xx_HAL_Driver/Src/stm32g4xx_hal_fdcan.o
                0x00000000080042e8                HAL_FDCAN_TimestampWraparoundCallback
 .text.HAL_FDCAN_TimeoutOccurredCallback
                0x00000000080042fc       0x14 ./Drivers/STM32G4xx_HAL_Driver/Src/stm32g4xx_hal_fdcan.o
                0x00000000080042fc                HAL_FDCAN_TimeoutOccurredCallback
 .text.HAL_FDCAN_HighPriorityMessageCallback
                0x0000000008004310       0x14 ./Drivers/STM32G4xx_HAL_Driver/Src/stm32g4xx_hal_fdcan.o
                0x0000000008004310                HAL_FDCAN_HighPriorityMessageCallback
 .text.HAL_FDCAN_ErrorCallback
                0x0000000008004324       0x14 ./Drivers/STM32G4xx_HAL_Driver/Src/stm32g4xx_hal_fdcan.o
                0x0000000008004324                HAL_FDCAN_ErrorCallback
 .text.HAL_FDCAN_ErrorStatusCallback
                0x0000000008004338       0x16 ./Drivers/STM32G4xx_HAL_Driver/Src/stm32g4xx_hal_fdcan.o
                0x0000000008004338                HAL_FDCAN_ErrorStatusCallback
 *fill*         0x000000000800434e        0x2 
 .text.FDCAN_CalcultateRamBlockAddresses
                0x0000000008004350       0xac ./Drivers/STM32G4xx_HAL_Driver/Src/stm32g4xx_hal_fdcan.o
 .text.HAL_GPIO_Init
                0x00000000080043fc      0x304 ./Drivers/STM32G4xx_HAL_Driver/Src/stm32g4xx_hal_gpio.o
                0x00000000080043fc                HAL_GPIO_Init
 .text.HAL_PWREx_DisableUCPDDeadBattery
                0x0000000008004700       0x20 ./Drivers/STM32G4xx_HAL_Driver/Src/stm32g4xx_hal_pwr_ex.o
                0x0000000008004700                HAL_PWREx_DisableUCPDDeadBattery
 .text.LL_COMP_IsLocked
                0x0000000008004720       0x28 ./Drivers/STM32G4xx_HAL_Driver/Src/stm32g4xx_ll_comp.o
 .text.LL_COMP_Init
                0x0000000008004748       0x58 ./Drivers/STM32G4xx_HAL_Driver/Src/stm32g4xx_ll_comp.o
                0x0000000008004748                LL_COMP_Init
 .text.LL_DAC_IsEnabled
                0x00000000080047a0       0x3e ./Drivers/STM32G4xx_HAL_Driver/Src/stm32g4xx_ll_dac.o
 .text.LL_DAC_Init
                0x00000000080047de      0x14e ./Drivers/STM32G4xx_HAL_Driver/Src/stm32g4xx_ll_dac.o
                0x00000000080047de                LL_DAC_Init
 .text.LL_EXTI_EnableIT_0_31
                0x000000000800492c       0x24 ./Drivers/STM32G4xx_HAL_Driver/Src/stm32g4xx_ll_exti.o
 .text.LL_EXTI_EnableIT_32_63
                0x0000000008004950       0x24 ./Drivers/STM32G4xx_HAL_Driver/Src/stm32g4xx_ll_exti.o
 .text.LL_EXTI_DisableIT_0_31
                0x0000000008004974       0x28 ./Drivers/STM32G4xx_HAL_Driver/Src/stm32g4xx_ll_exti.o
 .text.LL_EXTI_DisableIT_32_63
                0x000000000800499c       0x28 ./Drivers/STM32G4xx_HAL_Driver/Src/stm32g4xx_ll_exti.o
 .text.LL_EXTI_EnableEvent_0_31
                0x00000000080049c4       0x24 ./Drivers/STM32G4xx_HAL_Driver/Src/stm32g4xx_ll_exti.o
 .text.LL_EXTI_EnableEvent_32_63
                0x00000000080049e8       0x24 ./Drivers/STM32G4xx_HAL_Driver/Src/stm32g4xx_ll_exti.o
 .text.LL_EXTI_DisableEvent_0_31
                0x0000000008004a0c       0x28 ./Drivers/STM32G4xx_HAL_Driver/Src/stm32g4xx_ll_exti.o
 .text.LL_EXTI_DisableEvent_32_63
                0x0000000008004a34       0x28 ./Drivers/STM32G4xx_HAL_Driver/Src/stm32g4xx_ll_exti.o
 .text.LL_EXTI_EnableRisingTrig_0_31
                0x0000000008004a5c       0x24 ./Drivers/STM32G4xx_HAL_Driver/Src/stm32g4xx_ll_exti.o
 .text.LL_EXTI_EnableRisingTrig_32_63
                0x0000000008004a80       0x24 ./Drivers/STM32G4xx_HAL_Driver/Src/stm32g4xx_ll_exti.o
 .text.LL_EXTI_DisableRisingTrig_0_31
                0x0000000008004aa4       0x28 ./Drivers/STM32G4xx_HAL_Driver/Src/stm32g4xx_ll_exti.o
 .text.LL_EXTI_DisableRisingTrig_32_63
                0x0000000008004acc       0x28 ./Drivers/STM32G4xx_HAL_Driver/Src/stm32g4xx_ll_exti.o
 .text.LL_EXTI_EnableFallingTrig_0_31
                0x0000000008004af4       0x24 ./Drivers/STM32G4xx_HAL_Driver/Src/stm32g4xx_ll_exti.o
 .text.LL_EXTI_EnableFallingTrig_32_63
                0x0000000008004b18       0x24 ./Drivers/STM32G4xx_HAL_Driver/Src/stm32g4xx_ll_exti.o
 .text.LL_EXTI_DisableFallingTrig_0_31
                0x0000000008004b3c       0x28 ./Drivers/STM32G4xx_HAL_Driver/Src/stm32g4xx_ll_exti.o
 .text.LL_EXTI_DisableFallingTrig_32_63
                0x0000000008004b64       0x28 ./Drivers/STM32G4xx_HAL_Driver/Src/stm32g4xx_ll_exti.o
 .text.LL_EXTI_Init
                0x0000000008004b8c      0x1f2 ./Drivers/STM32G4xx_HAL_Driver/Src/stm32g4xx_ll_exti.o
                0x0000000008004b8c                LL_EXTI_Init
 .text.LL_GPIO_SetPinMode
                0x0000000008004d7e       0x7a ./Drivers/STM32G4xx_HAL_Driver/Src/stm32g4xx_ll_gpio.o
 .text.LL_GPIO_SetPinOutputType
                0x0000000008004df8       0x30 ./Drivers/STM32G4xx_HAL_Driver/Src/stm32g4xx_ll_gpio.o
 .text.LL_GPIO_SetPinSpeed
                0x0000000008004e28       0x7a ./Drivers/STM32G4xx_HAL_Driver/Src/stm32g4xx_ll_gpio.o
 .text.LL_GPIO_SetPinPull
                0x0000000008004ea2       0x7a ./Drivers/STM32G4xx_HAL_Driver/Src/stm32g4xx_ll_gpio.o
 .text.LL_GPIO_SetAFPin_0_7
                0x0000000008004f1c       0x7a ./Drivers/STM32G4xx_HAL_Driver/Src/stm32g4xx_ll_gpio.o
 .text.LL_GPIO_SetAFPin_8_15
                0x0000000008004f96       0x7e ./Drivers/STM32G4xx_HAL_Driver/Src/stm32g4xx_ll_gpio.o
 .text.LL_GPIO_Init
                0x0000000008005014       0xdc ./Drivers/STM32G4xx_HAL_Driver/Src/stm32g4xx_ll_gpio.o
                0x0000000008005014                LL_GPIO_Init
 .text.LL_RCC_HSI_IsReady
                0x00000000080050f0       0x28 ./Drivers/STM32G4xx_HAL_Driver/Src/stm32g4xx_ll_rcc.o
 .text.LL_RCC_LSE_IsReady
                0x0000000008005118       0x28 ./Drivers/STM32G4xx_HAL_Driver/Src/stm32g4xx_ll_rcc.o
 .text.LL_RCC_GetSysClkSource
                0x0000000008005140       0x1c ./Drivers/STM32G4xx_HAL_Driver/Src/stm32g4xx_ll_rcc.o
 .text.LL_RCC_GetAHBPrescaler
                0x000000000800515c       0x1c ./Drivers/STM32G4xx_HAL_Driver/Src/stm32g4xx_ll_rcc.o
 .text.LL_RCC_GetAPB1Prescaler
                0x0000000008005178       0x1c ./Drivers/STM32G4xx_HAL_Driver/Src/stm32g4xx_ll_rcc.o
 .text.LL_RCC_GetAPB2Prescaler
                0x0000000008005194       0x1c ./Drivers/STM32G4xx_HAL_Driver/Src/stm32g4xx_ll_rcc.o
 .text.LL_RCC_GetUSARTClockSource
                0x00000000080051b0       0x28 ./Drivers/STM32G4xx_HAL_Driver/Src/stm32g4xx_ll_rcc.o
 .text.LL_RCC_GetUARTClockSource
                0x00000000080051d8       0x28 ./Drivers/STM32G4xx_HAL_Driver/Src/stm32g4xx_ll_rcc.o
 .text.LL_RCC_PLL_GetMainSource
                0x0000000008005200       0x1c ./Drivers/STM32G4xx_HAL_Driver/Src/stm32g4xx_ll_rcc.o
 .text.LL_RCC_PLL_GetN
                0x000000000800521c       0x1c ./Drivers/STM32G4xx_HAL_Driver/Src/stm32g4xx_ll_rcc.o
 .text.LL_RCC_PLL_GetR
                0x0000000008005238       0x1c ./Drivers/STM32G4xx_HAL_Driver/Src/stm32g4xx_ll_rcc.o
 .text.LL_RCC_PLL_GetDivider
                0x0000000008005254       0x1c ./Drivers/STM32G4xx_HAL_Driver/Src/stm32g4xx_ll_rcc.o
 .text.LL_RCC_GetUSARTClockFreq
                0x0000000008005270      0x18c ./Drivers/STM32G4xx_HAL_Driver/Src/stm32g4xx_ll_rcc.o
                0x0000000008005270                LL_RCC_GetUSARTClockFreq
 .text.LL_RCC_GetUARTClockFreq
                0x00000000080053fc       0x98 ./Drivers/STM32G4xx_HAL_Driver/Src/stm32g4xx_ll_rcc.o
                0x00000000080053fc                LL_RCC_GetUARTClockFreq
 .text.RCC_GetSystemClockFreq
                0x0000000008005494       0x4c ./Drivers/STM32G4xx_HAL_Driver/Src/stm32g4xx_ll_rcc.o
 .text.RCC_GetHCLKClockFreq
                0x00000000080054e0       0x30 ./Drivers/STM32G4xx_HAL_Driver/Src/stm32g4xx_ll_rcc.o
 .text.RCC_GetPCLK1ClockFreq
                0x0000000008005510       0x2c ./Drivers/STM32G4xx_HAL_Driver/Src/stm32g4xx_ll_rcc.o
 .text.RCC_GetPCLK2ClockFreq
                0x000000000800553c       0x2c ./Drivers/STM32G4xx_HAL_Driver/Src/stm32g4xx_ll_rcc.o
 .text.RCC_PLL_GetFreqDomain_SYS
                0x0000000008005568       0x68 ./Drivers/STM32G4xx_HAL_Driver/Src/stm32g4xx_ll_rcc.o
 .text.LL_TIM_SetPrescaler
                0x00000000080055d0       0x1c ./Drivers/STM32G4xx_HAL_Driver/Src/stm32g4xx_ll_tim.o
 .text.LL_TIM_SetAutoReload
                0x00000000080055ec       0x1c ./Drivers/STM32G4xx_HAL_Driver/Src/stm32g4xx_ll_tim.o
 .text.LL_TIM_SetRepetitionCounter
                0x0000000008005608       0x1c ./Drivers/STM32G4xx_HAL_Driver/Src/stm32g4xx_ll_tim.o
 .text.LL_TIM_OC_SetCompareCH1
                0x0000000008005624       0x1c ./Drivers/STM32G4xx_HAL_Driver/Src/stm32g4xx_ll_tim.o
 .text.LL_TIM_OC_SetCompareCH2
                0x0000000008005640       0x1c ./Drivers/STM32G4xx_HAL_Driver/Src/stm32g4xx_ll_tim.o
 .text.LL_TIM_OC_SetCompareCH3
                0x000000000800565c       0x1c ./Drivers/STM32G4xx_HAL_Driver/Src/stm32g4xx_ll_tim.o
 .text.LL_TIM_OC_SetCompareCH4
                0x0000000008005678       0x1c ./Drivers/STM32G4xx_HAL_Driver/Src/stm32g4xx_ll_tim.o
 .text.LL_TIM_OC_SetCompareCH5
                0x0000000008005694       0x20 ./Drivers/STM32G4xx_HAL_Driver/Src/stm32g4xx_ll_tim.o
 .text.LL_TIM_OC_SetCompareCH6
                0x00000000080056b4       0x1c ./Drivers/STM32G4xx_HAL_Driver/Src/stm32g4xx_ll_tim.o
 .text.LL_TIM_GenerateEvent_UPDATE
                0x00000000080056d0       0x20 ./Drivers/STM32G4xx_HAL_Driver/Src/stm32g4xx_ll_tim.o
 .text.LL_TIM_Init
                0x00000000080056f0      0x114 ./Drivers/STM32G4xx_HAL_Driver/Src/stm32g4xx_ll_tim.o
                0x00000000080056f0                LL_TIM_Init
 .text.LL_TIM_OC_Init
                0x0000000008005804       0xbe ./Drivers/STM32G4xx_HAL_Driver/Src/stm32g4xx_ll_tim.o
                0x0000000008005804                LL_TIM_OC_Init
 *fill*         0x00000000080058c2        0x2 
 .text.LL_TIM_BDTR_Init
                0x00000000080058c4      0x110 ./Drivers/STM32G4xx_HAL_Driver/Src/stm32g4xx_ll_tim.o
                0x00000000080058c4                LL_TIM_BDTR_Init
 .text.OC1Config
                0x00000000080059d4      0x100 ./Drivers/STM32G4xx_HAL_Driver/Src/stm32g4xx_ll_tim.o
 .text.OC2Config
                0x0000000008005ad4      0x108 ./Drivers/STM32G4xx_HAL_Driver/Src/stm32g4xx_ll_tim.o
 .text.OC3Config
                0x0000000008005bdc      0x108 ./Drivers/STM32G4xx_HAL_Driver/Src/stm32g4xx_ll_tim.o
 .text.OC4Config
                0x0000000008005ce4      0x108 ./Drivers/STM32G4xx_HAL_Driver/Src/stm32g4xx_ll_tim.o
 .text.OC5Config
                0x0000000008005dec       0xc8 ./Drivers/STM32G4xx_HAL_Driver/Src/stm32g4xx_ll_tim.o
 .text.OC6Config
                0x0000000008005eb4       0xc8 ./Drivers/STM32G4xx_HAL_Driver/Src/stm32g4xx_ll_tim.o
 .text.LL_USART_IsEnabled
                0x0000000008005f7c       0x26 ./Drivers/STM32G4xx_HAL_Driver/Src/stm32g4xx_ll_usart.o
 .text.LL_USART_SetPrescaler
                0x0000000008005fa2       0x28 ./Drivers/STM32G4xx_HAL_Driver/Src/stm32g4xx_ll_usart.o
 .text.LL_USART_SetStopBitsLength
                0x0000000008005fca       0x26 ./Drivers/STM32G4xx_HAL_Driver/Src/stm32g4xx_ll_usart.o
 .text.LL_USART_SetHWFlowCtrl
                0x0000000008005ff0       0x26 ./Drivers/STM32G4xx_HAL_Driver/Src/stm32g4xx_ll_usart.o
 *fill*         0x0000000008006016        0x2 
 .text.LL_USART_SetBaudRate
                0x0000000008006018       0xa0 ./Drivers/STM32G4xx_HAL_Driver/Src/stm32g4xx_ll_usart.o
 .text.LL_USART_Init
                0x00000000080060b8       0xf4 ./Drivers/STM32G4xx_HAL_Driver/Src/stm32g4xx_ll_usart.o
                0x00000000080060b8                LL_USART_Init
 .text.LL_SetSystemCoreClock
                0x00000000080061ac       0x20 ./Drivers/STM32G4xx_HAL_Driver/Src/stm32g4xx_ll_utils.o
                0x00000000080061ac                LL_SetSystemCoreClock
 .text.__libc_init_array
                0x00000000080061cc       0x48 c:/st/stm32cubeide_1.12.1/stm32cubeide/plugins/com.st.stm32cube.ide.mcu.externaltools.gnu-tools-for-stm32.10.3-2021.10.win32_1.0.200.202301161003/tools/bin/../lib/gcc/arm-none-eabi/10.3.1/../../../../arm-none-eabi/lib/thumb/v7e-m+fp/hard\libc_nano.a(lib_a-init.o)
                0x00000000080061cc                __libc_init_array
 .text.memset   0x0000000008006214       0x10 c:/st/stm32cubeide_1.12.1/stm32cubeide/plugins/com.st.stm32cube.ide.mcu.externaltools.gnu-tools-for-stm32.10.3-2021.10.win32_1.0.200.202301161003/tools/bin/../lib/gcc/arm-none-eabi/10.3.1/../../../../arm-none-eabi/lib/thumb/v7e-m+fp/hard\libc_nano.a(lib_a-memset.o)
                0x0000000008006214                memset
 *(.glue_7)
 .glue_7        0x0000000008006224        0x0 linker stubs
 *(.glue_7t)
 .glue_7t       0x0000000008006224        0x0 linker stubs
 *(.eh_frame)
 .eh_frame      0x0000000008006224        0x0 c:/st/stm32cubeide_1.12.1/stm32cubeide/plugins/com.st.stm32cube.ide.mcu.externaltools.gnu-tools-for-stm32.10.3-2021.10.win32_1.0.200.202301161003/tools/bin/../lib/gcc/arm-none-eabi/10.3.1/thumb/v7e-m+fp/hard/crtbegin.o
 *(.init)
 .init          0x0000000008006224        0x4 c:/st/stm32cubeide_1.12.1/stm32cubeide/plugins/com.st.stm32cube.ide.mcu.externaltools.gnu-tools-for-stm32.10.3-2021.10.win32_1.0.200.202301161003/tools/bin/../lib/gcc/arm-none-eabi/10.3.1/thumb/v7e-m+fp/hard/crti.o
                0x0000000008006224                _init
 .init          0x0000000008006228        0x8 c:/st/stm32cubeide_1.12.1/stm32cubeide/plugins/com.st.stm32cube.ide.mcu.externaltools.gnu-tools-for-stm32.10.3-2021.10.win32_1.0.200.202301161003/tools/bin/../lib/gcc/arm-none-eabi/10.3.1/thumb/v7e-m+fp/hard/crtn.o
 *(.fini)
 .fini          0x0000000008006230        0x4 c:/st/stm32cubeide_1.12.1/stm32cubeide/plugins/com.st.stm32cube.ide.mcu.externaltools.gnu-tools-for-stm32.10.3-2021.10.win32_1.0.200.202301161003/tools/bin/../lib/gcc/arm-none-eabi/10.3.1/thumb/v7e-m+fp/hard/crti.o
                0x0000000008006230                _fini
 .fini          0x0000000008006234        0x8 c:/st/stm32cubeide_1.12.1/stm32cubeide/plugins/com.st.stm32cube.ide.mcu.externaltools.gnu-tools-for-stm32.10.3-2021.10.win32_1.0.200.202301161003/tools/bin/../lib/gcc/arm-none-eabi/10.3.1/thumb/v7e-m+fp/hard/crtn.o
                0x000000000800623c                . = ALIGN (0x4)
                0x000000000800623c                _etext = .

.vfp11_veneer   0x000000000800623c        0x0
 .vfp11_veneer  0x000000000800623c        0x0 linker stubs

.v4_bx          0x000000000800623c        0x0
 .v4_bx         0x000000000800623c        0x0 linker stubs

.iplt           0x000000000800623c        0x0
 .iplt          0x000000000800623c        0x0 c:/st/stm32cubeide_1.12.1/stm32cubeide/plugins/com.st.stm32cube.ide.mcu.externaltools.gnu-tools-for-stm32.10.3-2021.10.win32_1.0.200.202301161003/tools/bin/../lib/gcc/arm-none-eabi/10.3.1/thumb/v7e-m+fp/hard/crtbegin.o

.rodata         0x000000000800623c       0x78
                0x000000000800623c                . = ALIGN (0x4)
 *(.rodata)
 *(.rodata*)
 .rodata.AHBPrescTable
                0x000000000800623c       0x10 ./Core/Src/system_stm32g4xx.o
                0x000000000800623c                AHBPrescTable
 .rodata.APBPrescTable
                0x000000000800624c        0x8 ./Core/Src/system_stm32g4xx.o
                0x000000000800624c                APBPrescTable
 .rodata.OFFSET_TAB_CCMRx
                0x0000000008006254        0xa ./Core/Src/tim.o
 *fill*         0x000000000800625e        0x2 
 .rodata.SHIFT_TAB_OCxx
                0x0000000008006260        0xa ./Core/Src/tim.o
 *fill*         0x000000000800626a        0x2 
 .rodata.SHIFT_TAB_ICxx
                0x000000000800626c        0xa ./Core/Src/tim.o
 *fill*         0x0000000008006276        0x2 
 .rodata.SHIFT_TAB_CCxP
                0x0000000008006278        0xa ./Core/Src/tim.o
 *fill*         0x0000000008006282        0x2 
 .rodata.USART_PRESCALER_TAB
                0x0000000008006284       0x30 ./Drivers/STM32G4xx_HAL_Driver/Src/stm32g4xx_ll_usart.o
                0x00000000080062b4                . = ALIGN (0x4)

.rel.dyn        0x00000000080062b4        0x0
 .rel.iplt      0x00000000080062b4        0x0 c:/st/stm32cubeide_1.12.1/stm32cubeide/plugins/com.st.stm32cube.ide.mcu.externaltools.gnu-tools-for-stm32.10.3-2021.10.win32_1.0.200.202301161003/tools/bin/../lib/gcc/arm-none-eabi/10.3.1/thumb/v7e-m+fp/hard/crtbegin.o

.ARM.extab      0x00000000080062b4        0x0
                0x00000000080062b4                . = ALIGN (0x4)
 *(.ARM.extab* .gnu.linkonce.armextab.*)
                0x00000000080062b4                . = ALIGN (0x4)

.ARM            0x00000000080062b4        0x0
                0x00000000080062b4                . = ALIGN (0x4)
                0x00000000080062b4                __exidx_start = .
 *(.ARM.exidx*)
                0x00000000080062b4                __exidx_end = .
                0x00000000080062b4                . = ALIGN (0x4)

.preinit_array  0x00000000080062b4        0x0
                0x00000000080062b4                . = ALIGN (0x4)
                0x00000000080062b4                PROVIDE (__preinit_array_start = .)
 *(.preinit_array*)
                0x00000000080062b4                PROVIDE (__preinit_array_end = .)
                0x00000000080062b4                . = ALIGN (0x4)

.init_array     0x00000000080062b4        0x4
                0x00000000080062b4                . = ALIGN (0x4)
                0x00000000080062b4                PROVIDE (__init_array_start = .)
 *(SORT_BY_NAME(.init_array.*))
 *(.init_array*)
 .init_array    0x00000000080062b4        0x4 c:/st/stm32cubeide_1.12.1/stm32cubeide/plugins/com.st.stm32cube.ide.mcu.externaltools.gnu-tools-for-stm32.10.3-2021.10.win32_1.0.200.202301161003/tools/bin/../lib/gcc/arm-none-eabi/10.3.1/thumb/v7e-m+fp/hard/crtbegin.o
                0x00000000080062b8                PROVIDE (__init_array_end = .)
                0x00000000080062b8                . = ALIGN (0x4)

.fini_array     0x00000000080062b8        0x4
                0x00000000080062b8                . = ALIGN (0x4)
                [!provide]                        PROVIDE (__fini_array_start = .)
 *(SORT_BY_NAME(.fini_array.*))
 *(.fini_array*)
 .fini_array    0x00000000080062b8        0x4 c:/st/stm32cubeide_1.12.1/stm32cubeide/plugins/com.st.stm32cube.ide.mcu.externaltools.gnu-tools-for-stm32.10.3-2021.10.win32_1.0.200.202301161003/tools/bin/../lib/gcc/arm-none-eabi/10.3.1/thumb/v7e-m+fp/hard/crtbegin.o
                [!provide]                        PROVIDE (__fini_array_end = .)
                0x00000000080062bc                . = ALIGN (0x4)
                0x00000000080062bc                _sidata = LOADADDR (.data)

.data           0x0000000020000000        0xc load address 0x00000000080062bc
                0x0000000020000000                . = ALIGN (0x4)
                0x0000000020000000                _sdata = .
 *(.data)
 *(.data*)
 .data.SystemCoreClock
                0x0000000020000000        0x4 ./Core/Src/system_stm32g4xx.o
                0x0000000020000000                SystemCoreClock
 .data.uwTickPrio
                0x0000000020000004        0x4 ./Drivers/STM32G4xx_HAL_Driver/Src/stm32g4xx_hal.o
                0x0000000020000004                uwTickPrio
 .data.uwTickFreq
                0x0000000020000008        0x4 ./Drivers/STM32G4xx_HAL_Driver/Src/stm32g4xx_hal.o
                0x0000000020000008                uwTickFreq
 *(.RamFunc)
 *(.RamFunc*)
                0x000000002000000c                . = ALIGN (0x4)
                0x000000002000000c                _edata = .

.igot.plt       0x000000002000000c        0x0 load address 0x00000000080062c8
 .igot.plt      0x000000002000000c        0x0 c:/st/stm32cubeide_1.12.1/stm32cubeide/plugins/com.st.stm32cube.ide.mcu.externaltools.gnu-tools-for-stm32.10.3-2021.10.win32_1.0.200.202301161003/tools/bin/../lib/gcc/arm-none-eabi/10.3.1/thumb/v7e-m+fp/hard/crtbegin.o
                0x000000002000000c                . = ALIGN (0x4)

.bss            0x000000002000000c      0x1c0 load address 0x00000000080062c8
                0x000000002000000c                _sbss = .
                0x000000002000000c                __bss_start__ = _sbss
 *(.bss)
 .bss           0x000000002000000c       0x1c c:/st/stm32cubeide_1.12.1/stm32cubeide/plugins/com.st.stm32cube.ide.mcu.externaltools.gnu-tools-for-stm32.10.3-2021.10.win32_1.0.200.202301161003/tools/bin/../lib/gcc/arm-none-eabi/10.3.1/thumb/v7e-m+fp/hard/crtbegin.o
 *(.bss*)
 .bss.hadc1     0x0000000020000028       0x6c ./Core/Src/adc.o
                0x0000000020000028                hadc1
 .bss.hadc2     0x0000000020000094       0x6c ./Core/Src/adc.o
                0x0000000020000094                hadc2
 .bss.hdma_adc1
                0x0000000020000100       0x60 ./Core/Src/adc.o
                0x0000000020000100                hdma_adc1
 .bss.HAL_RCC_ADC12_CLK_ENABLED
                0x0000000020000160        0x4 ./Core/Src/adc.o
 .bss.hfdcan1   0x0000000020000164       0x64 ./Core/Src/fdcan.o
                0x0000000020000164                hfdcan1
 .bss.uwTick    0x00000000200001c8        0x4 ./Drivers/STM32G4xx_HAL_Driver/Src/stm32g4xx_hal.o
                0x00000000200001c8                uwTick
 *(COMMON)
                0x00000000200001cc                . = ALIGN (0x4)
                0x00000000200001cc                _ebss = .
                0x00000000200001cc                __bss_end__ = _ebss

._user_heap_stack
                0x00000000200001cc      0x604 load address 0x00000000080062c8
                0x00000000200001d0                . = ALIGN (0x8)
 *fill*         0x00000000200001cc        0x4 
                [!provide]                        PROVIDE (end = .)
                0x00000000200001d0                PROVIDE (_end = .)
                0x00000000200003d0                . = (. + _Min_Heap_Size)
 *fill*         0x00000000200001d0      0x200 
                0x00000000200007d0                . = (. + _Min_Stack_Size)
 *fill*         0x00000000200003d0      0x400 
                0x00000000200007d0                . = ALIGN (0x8)

/DISCARD/
 libc.a(*)
 libm.a(*)
 libgcc.a(*)

.ARM.attributes
                0x0000000000000000       0x30
 *(.ARM.attributes)
 .ARM.attributes
                0x0000000000000000       0x1e c:/st/stm32cubeide_1.12.1/stm32cubeide/plugins/com.st.stm32cube.ide.mcu.externaltools.gnu-tools-for-stm32.10.3-2021.10.win32_1.0.200.202301161003/tools/bin/../lib/gcc/arm-none-eabi/10.3.1/thumb/v7e-m+fp/hard/crti.o
 .ARM.attributes
                0x000000000000001e       0x34 c:/st/stm32cubeide_1.12.1/stm32cubeide/plugins/com.st.stm32cube.ide.mcu.externaltools.gnu-tools-for-stm32.10.3-2021.10.win32_1.0.200.202301161003/tools/bin/../lib/gcc/arm-none-eabi/10.3.1/thumb/v7e-m+fp/hard/crtbegin.o
 .ARM.attributes
                0x0000000000000052       0x34 ./Core/Src/adc.o
 .ARM.attributes
                0x0000000000000086       0x34 ./Core/Src/comp.o
 .ARM.attributes
                0x00000000000000ba       0x34 ./Core/Src/dac.o
 .ARM.attributes
                0x00000000000000ee       0x34 ./Core/Src/dma.o
 .ARM.attributes
                0x0000000000000122       0x34 ./Core/Src/fdcan.o
 .ARM.attributes
                0x0000000000000156       0x34 ./Core/Src/gpio.o
 .ARM.attributes
                0x000000000000018a       0x34 ./Core/Src/main.o
 .ARM.attributes
                0x00000000000001be       0x34 ./Core/Src/stm32g4xx_hal_msp.o
 .ARM.attributes
                0x00000000000001f2       0x34 ./Core/Src/stm32g4xx_it.o
 .ARM.attributes
                0x0000000000000226       0x34 ./Core/Src/system_stm32g4xx.o
 .ARM.attributes
                0x000000000000025a       0x34 ./Core/Src/tim.o
 .ARM.attributes
                0x000000000000028e       0x34 ./Core/Src/usart.o
 .ARM.attributes
                0x00000000000002c2       0x21 ./Core/Startup/startup_stm32g431cbtx.o
 .ARM.attributes
                0x00000000000002e3       0x34 ./Drivers/STM32G4xx_HAL_Driver/Src/stm32g4xx_hal.o
 .ARM.attributes
                0x0000000000000317       0x34 ./Drivers/STM32G4xx_HAL_Driver/Src/stm32g4xx_hal_adc.o
 .ARM.attributes
                0x000000000000034b       0x34 ./Drivers/STM32G4xx_HAL_Driver/Src/stm32g4xx_hal_adc_ex.o
 .ARM.attributes
                0x000000000000037f       0x34 ./Drivers/STM32G4xx_HAL_Driver/Src/stm32g4xx_hal_cortex.o
 .ARM.attributes
                0x00000000000003b3       0x34 ./Drivers/STM32G4xx_HAL_Driver/Src/stm32g4xx_hal_dma.o
 .ARM.attributes
                0x00000000000003e7       0x34 ./Drivers/STM32G4xx_HAL_Driver/Src/stm32g4xx_hal_fdcan.o
 .ARM.attributes
                0x000000000000041b       0x34 ./Drivers/STM32G4xx_HAL_Driver/Src/stm32g4xx_hal_gpio.o
 .ARM.attributes
                0x000000000000044f       0x34 ./Drivers/STM32G4xx_HAL_Driver/Src/stm32g4xx_hal_pwr_ex.o
 .ARM.attributes
                0x0000000000000483       0x34 ./Drivers/STM32G4xx_HAL_Driver/Src/stm32g4xx_ll_comp.o
 .ARM.attributes
                0x00000000000004b7       0x34 ./Drivers/STM32G4xx_HAL_Driver/Src/stm32g4xx_ll_dac.o
 .ARM.attributes
                0x00000000000004eb       0x34 ./Drivers/STM32G4xx_HAL_Driver/Src/stm32g4xx_ll_exti.o
 .ARM.attributes
                0x000000000000051f       0x34 ./Drivers/STM32G4xx_HAL_Driver/Src/stm32g4xx_ll_gpio.o
 .ARM.attributes
                0x0000000000000553       0x34 ./Drivers/STM32G4xx_HAL_Driver/Src/stm32g4xx_ll_rcc.o
 .ARM.attributes
                0x0000000000000587       0x34 ./Drivers/STM32G4xx_HAL_Driver/Src/stm32g4xx_ll_tim.o
 .ARM.attributes
                0x00000000000005bb       0x34 ./Drivers/STM32G4xx_HAL_Driver/Src/stm32g4xx_ll_usart.o
 .ARM.attributes
                0x00000000000005ef       0x34 ./Drivers/STM32G4xx_HAL_Driver/Src/stm32g4xx_ll_utils.o
 .ARM.attributes
                0x0000000000000623       0x34 c:/st/stm32cubeide_1.12.1/stm32cubeide/plugins/com.st.stm32cube.ide.mcu.externaltools.gnu-tools-for-stm32.10.3-2021.10.win32_1.0.200.202301161003/tools/bin/../lib/gcc/arm-none-eabi/10.3.1/../../../../arm-none-eabi/lib/thumb/v7e-m+fp/hard\libc_nano.a(lib_a-init.o)
 .ARM.attributes
                0x0000000000000657       0x34 c:/st/stm32cubeide_1.12.1/stm32cubeide/plugins/com.st.stm32cube.ide.mcu.externaltools.gnu-tools-for-stm32.10.3-2021.10.win32_1.0.200.202301161003/tools/bin/../lib/gcc/arm-none-eabi/10.3.1/../../../../arm-none-eabi/lib/thumb/v7e-m+fp/hard\libc_nano.a(lib_a-memset.o)
 .ARM.attributes
                0x000000000000068b       0x1e c:/st/stm32cubeide_1.12.1/stm32cubeide/plugins/com.st.stm32cube.ide.mcu.externaltools.gnu-tools-for-stm32.10.3-2021.10.win32_1.0.200.202301161003/tools/bin/../lib/gcc/arm-none-eabi/10.3.1/thumb/v7e-m+fp/hard/crtn.o
OUTPUT(stm32g431cbtx_board.elf elf32-littlearm)
LOAD linker stubs
LOAD c:/st/stm32cubeide_1.12.1/stm32cubeide/plugins/com.st.stm32cube.ide.mcu.externaltools.gnu-tools-for-stm32.10.3-2021.10.win32_1.0.200.202301161003/tools/bin/../lib/gcc/arm-none-eabi/10.3.1/../../../../arm-none-eabi/lib/thumb/v7e-m+fp/hard\libc.a
LOAD c:/st/stm32cubeide_1.12.1/stm32cubeide/plugins/com.st.stm32cube.ide.mcu.externaltools.gnu-tools-for-stm32.10.3-2021.10.win32_1.0.200.202301161003/tools/bin/../lib/gcc/arm-none-eabi/10.3.1/../../../../arm-none-eabi/lib/thumb/v7e-m+fp/hard\libm.a
LOAD c:/st/stm32cubeide_1.12.1/stm32cubeide/plugins/com.st.stm32cube.ide.mcu.externaltools.gnu-tools-for-stm32.10.3-2021.10.win32_1.0.200.202301161003/tools/bin/../lib/gcc/arm-none-eabi/10.3.1/thumb/v7e-m+fp/hard\libgcc.a

.debug_info     0x0000000000000000    0x162ce
 .debug_info    0x0000000000000000     0x1036 ./Core/Src/adc.o
 .debug_info    0x0000000000001036      0x803 ./Core/Src/comp.o
 .debug_info    0x0000000000001839      0x871 ./Core/Src/dac.o
 .debug_info    0x00000000000020aa      0x628 ./Core/Src/dma.o
 .debug_info    0x00000000000026d2      0xd54 ./Core/Src/fdcan.o
 .debug_info    0x0000000000003426      0xf3b ./Core/Src/gpio.o
 .debug_info    0x0000000000004361     0x15fb ./Core/Src/main.o
 .debug_info    0x000000000000595c      0x428 ./Core/Src/stm32g4xx_hal_msp.o
 .debug_info    0x0000000000005d84      0xa80 ./Core/Src/stm32g4xx_it.o
 .debug_info    0x0000000000006804      0x59f ./Core/Src/system_stm32g4xx.o
 .debug_info    0x0000000000006da3     0x15a7 ./Core/Src/tim.o
 .debug_info    0x000000000000834a      0x9d6 ./Core/Src/usart.o
 .debug_info    0x0000000000008d20       0x22 ./Core/Startup/startup_stm32g431cbtx.o
 .debug_info    0x0000000000008d42      0xae3 ./Drivers/STM32G4xx_HAL_Driver/Src/stm32g4xx_hal.o
 .debug_info    0x0000000000009825     0x213e ./Drivers/STM32G4xx_HAL_Driver/Src/stm32g4xx_hal_adc.o
 .debug_info    0x000000000000b963     0x1e4b ./Drivers/STM32G4xx_HAL_Driver/Src/stm32g4xx_hal_adc_ex.o
 .debug_info    0x000000000000d7ae      0xdc4 ./Drivers/STM32G4xx_HAL_Driver/Src/stm32g4xx_hal_cortex.o
 .debug_info    0x000000000000e572      0x8ee ./Drivers/STM32G4xx_HAL_Driver/Src/stm32g4xx_hal_dma.o
 .debug_info    0x000000000000ee60     0x1964 ./Drivers/STM32G4xx_HAL_Driver/Src/stm32g4xx_hal_fdcan.o
 .debug_info    0x00000000000107c4      0x82f ./Drivers/STM32G4xx_HAL_Driver/Src/stm32g4xx_hal_gpio.o
 .debug_info    0x0000000000010ff3      0x983 ./Drivers/STM32G4xx_HAL_Driver/Src/stm32g4xx_hal_pwr_ex.o
 .debug_info    0x0000000000011976      0x21c ./Drivers/STM32G4xx_HAL_Driver/Src/stm32g4xx_ll_comp.o
 .debug_info    0x0000000000011b92      0x630 ./Drivers/STM32G4xx_HAL_Driver/Src/stm32g4xx_ll_dac.o
 .debug_info    0x00000000000121c2      0x4ff ./Drivers/STM32G4xx_HAL_Driver/Src/stm32g4xx_ll_exti.o
 .debug_info    0x00000000000126c1      0xa14 ./Drivers/STM32G4xx_HAL_Driver/Src/stm32g4xx_ll_gpio.o
 .debug_info    0x00000000000130d5      0xbe1 ./Drivers/STM32G4xx_HAL_Driver/Src/stm32g4xx_ll_rcc.o
 .debug_info    0x0000000000013cb6     0x121d ./Drivers/STM32G4xx_HAL_Driver/Src/stm32g4xx_ll_tim.o
 .debug_info    0x0000000000014ed3      0x84a ./Drivers/STM32G4xx_HAL_Driver/Src/stm32g4xx_ll_usart.o
 .debug_info    0x000000000001571d      0xbb1 ./Drivers/STM32G4xx_HAL_Driver/Src/stm32g4xx_ll_utils.o

.debug_abbrev   0x0000000000000000     0x37f7
 .debug_abbrev  0x0000000000000000      0x236 ./Core/Src/adc.o
 .debug_abbrev  0x0000000000000236      0x1a4 ./Core/Src/comp.o
 .debug_abbrev  0x00000000000003da      0x191 ./Core/Src/dac.o
 .debug_abbrev  0x000000000000056b      0x11c ./Core/Src/dma.o
 .debug_abbrev  0x0000000000000687      0x1f8 ./Core/Src/fdcan.o
 .debug_abbrev  0x000000000000087f      0x27f ./Core/Src/gpio.o
 .debug_abbrev  0x0000000000000afe      0x2ee ./Core/Src/main.o
 .debug_abbrev  0x0000000000000dec      0x10a ./Core/Src/stm32g4xx_hal_msp.o
 .debug_abbrev  0x0000000000000ef6      0x19a ./Core/Src/stm32g4xx_it.o
 .debug_abbrev  0x0000000000001090      0x116 ./Core/Src/system_stm32g4xx.o
 .debug_abbrev  0x00000000000011a6      0x28a ./Core/Src/tim.o
 .debug_abbrev  0x0000000000001430      0x22b ./Core/Src/usart.o
 .debug_abbrev  0x000000000000165b       0x12 ./Core/Startup/startup_stm32g431cbtx.o
 .debug_abbrev  0x000000000000166d      0x269 ./Drivers/STM32G4xx_HAL_Driver/Src/stm32g4xx_hal.o
 .debug_abbrev  0x00000000000018d6      0x2bf ./Drivers/STM32G4xx_HAL_Driver/Src/stm32g4xx_hal_adc.o
 .debug_abbrev  0x0000000000001b95      0x2da ./Drivers/STM32G4xx_HAL_Driver/Src/stm32g4xx_hal_adc_ex.o
 .debug_abbrev  0x0000000000001e6f      0x30d ./Drivers/STM32G4xx_HAL_Driver/Src/stm32g4xx_hal_cortex.o
 .debug_abbrev  0x000000000000217c      0x1d7 ./Drivers/STM32G4xx_HAL_Driver/Src/stm32g4xx_hal_dma.o
 .debug_abbrev  0x0000000000002353      0x1d3 ./Drivers/STM32G4xx_HAL_Driver/Src/stm32g4xx_hal_fdcan.o
 .debug_abbrev  0x0000000000002526      0x1bb ./Drivers/STM32G4xx_HAL_Driver/Src/stm32g4xx_hal_gpio.o
 .debug_abbrev  0x00000000000026e1      0x229 ./Drivers/STM32G4xx_HAL_Driver/Src/stm32g4xx_hal_pwr_ex.o
 .debug_abbrev  0x000000000000290a      0x12d ./Drivers/STM32G4xx_HAL_Driver/Src/stm32g4xx_ll_comp.o
 .debug_abbrev  0x0000000000002a37      0x199 ./Drivers/STM32G4xx_HAL_Driver/Src/stm32g4xx_ll_dac.o
 .debug_abbrev  0x0000000000002bd0      0x183 ./Drivers/STM32G4xx_HAL_Driver/Src/stm32g4xx_ll_exti.o
 .debug_abbrev  0x0000000000002d53      0x223 ./Drivers/STM32G4xx_HAL_Driver/Src/stm32g4xx_ll_gpio.o
 .debug_abbrev  0x0000000000002f76      0x225 ./Drivers/STM32G4xx_HAL_Driver/Src/stm32g4xx_ll_rcc.o
 .debug_abbrev  0x000000000000319b      0x236 ./Drivers/STM32G4xx_HAL_Driver/Src/stm32g4xx_ll_tim.o
 .debug_abbrev  0x00000000000033d1      0x1cf ./Drivers/STM32G4xx_HAL_Driver/Src/stm32g4xx_ll_usart.o
 .debug_abbrev  0x00000000000035a0      0x257 ./Drivers/STM32G4xx_HAL_Driver/Src/stm32g4xx_ll_utils.o

.debug_aranges  0x0000000000000000     0x1538
 .debug_aranges
                0x0000000000000000       0x40 ./Core/Src/adc.o
 .debug_aranges
                0x0000000000000040       0x48 ./Core/Src/comp.o
 .debug_aranges
                0x0000000000000088       0x48 ./Core/Src/dac.o
 .debug_aranges
                0x00000000000000d0       0x20 ./Core/Src/dma.o
 .debug_aranges
                0x00000000000000f0       0x38 ./Core/Src/fdcan.o
 .debug_aranges
                0x0000000000000128       0x68 ./Core/Src/gpio.o
 .debug_aranges
                0x0000000000000190       0xc8 ./Core/Src/main.o
 .debug_aranges
                0x0000000000000258       0x20 ./Core/Src/stm32g4xx_hal_msp.o
 .debug_aranges
                0x0000000000000278       0x70 ./Core/Src/stm32g4xx_it.o
 .debug_aranges
                0x00000000000002e8       0x28 ./Core/Src/system_stm32g4xx.o
 .debug_aranges
                0x0000000000000310       0xf0 ./Core/Src/tim.o
 .debug_aranges
                0x0000000000000400       0x70 ./Core/Src/usart.o
 .debug_aranges
                0x0000000000000470       0x28 ./Core/Startup/startup_stm32g431cbtx.o
 .debug_aranges
                0x0000000000000498      0x130 ./Drivers/STM32G4xx_HAL_Driver/Src/stm32g4xx_hal.o
 .debug_aranges
                0x00000000000005c8      0x248 ./Drivers/STM32G4xx_HAL_Driver/Src/stm32g4xx_hal_adc.o
 .debug_aranges
                0x0000000000000810      0x1c0 ./Drivers/STM32G4xx_HAL_Driver/Src/stm32g4xx_hal_adc_ex.o
 .debug_aranges
                0x00000000000009d0      0x118 ./Drivers/STM32G4xx_HAL_Driver/Src/stm32g4xx_hal_cortex.o
 .debug_aranges
                0x0000000000000ae8       0x90 ./Drivers/STM32G4xx_HAL_Driver/Src/stm32g4xx_hal_dma.o
 .debug_aranges
                0x0000000000000b78      0x208 ./Drivers/STM32G4xx_HAL_Driver/Src/stm32g4xx_hal_fdcan.o
 .debug_aranges
                0x0000000000000d80       0x58 ./Drivers/STM32G4xx_HAL_Driver/Src/stm32g4xx_hal_gpio.o
 .debug_aranges
                0x0000000000000dd8      0x140 ./Drivers/STM32G4xx_HAL_Driver/Src/stm32g4xx_hal_pwr_ex.o
 .debug_aranges
                0x0000000000000f18       0x38 ./Drivers/STM32G4xx_HAL_Driver/Src/stm32g4xx_ll_comp.o
 .debug_aranges
                0x0000000000000f50       0x48 ./Drivers/STM32G4xx_HAL_Driver/Src/stm32g4xx_ll_dac.o
 .debug_aranges
                0x0000000000000f98       0xb0 ./Drivers/STM32G4xx_HAL_Driver/Src/stm32g4xx_ll_exti.o
 .debug_aranges
                0x0000000000001048       0x70 ./Drivers/STM32G4xx_HAL_Driver/Src/stm32g4xx_ll_gpio.o
 .debug_aranges
                0x00000000000010b8      0x1b8 ./Drivers/STM32G4xx_HAL_Driver/Src/stm32g4xx_ll_rcc.o
 .debug_aranges
                0x0000000000001270      0x148 ./Drivers/STM32G4xx_HAL_Driver/Src/stm32g4xx_ll_tim.o
 .debug_aranges
                0x00000000000013b8       0x88 ./Drivers/STM32G4xx_HAL_Driver/Src/stm32g4xx_ll_usart.o
 .debug_aranges
                0x0000000000001440       0xf8 ./Drivers/STM32G4xx_HAL_Driver/Src/stm32g4xx_ll_utils.o

.debug_ranges   0x0000000000000000     0x1370
 .debug_ranges  0x0000000000000000       0x30 ./Core/Src/adc.o
 .debug_ranges  0x0000000000000030       0x38 ./Core/Src/comp.o
 .debug_ranges  0x0000000000000068       0x38 ./Core/Src/dac.o
 .debug_ranges  0x00000000000000a0       0x10 ./Core/Src/dma.o
 .debug_ranges  0x00000000000000b0       0x28 ./Core/Src/fdcan.o
 .debug_ranges  0x00000000000000d8       0x58 ./Core/Src/gpio.o
 .debug_ranges  0x0000000000000130       0xb8 ./Core/Src/main.o
 .debug_ranges  0x00000000000001e8       0x10 ./Core/Src/stm32g4xx_hal_msp.o
 .debug_ranges  0x00000000000001f8       0x60 ./Core/Src/stm32g4xx_it.o
 .debug_ranges  0x0000000000000258       0x18 ./Core/Src/system_stm32g4xx.o
 .debug_ranges  0x0000000000000270       0xe0 ./Core/Src/tim.o
 .debug_ranges  0x0000000000000350       0x60 ./Core/Src/usart.o
 .debug_ranges  0x00000000000003b0       0x20 ./Core/Startup/startup_stm32g431cbtx.o
 .debug_ranges  0x00000000000003d0      0x120 ./Drivers/STM32G4xx_HAL_Driver/Src/stm32g4xx_hal.o
 .debug_ranges  0x00000000000004f0      0x238 ./Drivers/STM32G4xx_HAL_Driver/Src/stm32g4xx_hal_adc.o
 .debug_ranges  0x0000000000000728      0x1b0 ./Drivers/STM32G4xx_HAL_Driver/Src/stm32g4xx_hal_adc_ex.o
 .debug_ranges  0x00000000000008d8      0x108 ./Drivers/STM32G4xx_HAL_Driver/Src/stm32g4xx_hal_cortex.o
 .debug_ranges  0x00000000000009e0       0x80 ./Drivers/STM32G4xx_HAL_Driver/Src/stm32g4xx_hal_dma.o
 .debug_ranges  0x0000000000000a60      0x1f8 ./Drivers/STM32G4xx_HAL_Driver/Src/stm32g4xx_hal_fdcan.o
 .debug_ranges  0x0000000000000c58       0x48 ./Drivers/STM32G4xx_HAL_Driver/Src/stm32g4xx_hal_gpio.o
 .debug_ranges  0x0000000000000ca0      0x130 ./Drivers/STM32G4xx_HAL_Driver/Src/stm32g4xx_hal_pwr_ex.o
 .debug_ranges  0x0000000000000dd0       0x28 ./Drivers/STM32G4xx_HAL_Driver/Src/stm32g4xx_ll_comp.o
 .debug_ranges  0x0000000000000df8       0x38 ./Drivers/STM32G4xx_HAL_Driver/Src/stm32g4xx_ll_dac.o
 .debug_ranges  0x0000000000000e30       0xa0 ./Drivers/STM32G4xx_HAL_Driver/Src/stm32g4xx_ll_exti.o
 .debug_ranges  0x0000000000000ed0       0x60 ./Drivers/STM32G4xx_HAL_Driver/Src/stm32g4xx_ll_gpio.o
 .debug_ranges  0x0000000000000f30      0x1a8 ./Drivers/STM32G4xx_HAL_Driver/Src/stm32g4xx_ll_rcc.o
 .debug_ranges  0x00000000000010d8      0x138 ./Drivers/STM32G4xx_HAL_Driver/Src/stm32g4xx_ll_tim.o
 .debug_ranges  0x0000000000001210       0x78 ./Drivers/STM32G4xx_HAL_Driver/Src/stm32g4xx_ll_usart.o
 .debug_ranges  0x0000000000001288       0xe8 ./Drivers/STM32G4xx_HAL_Driver/Src/stm32g4xx_ll_utils.o

.debug_macro    0x0000000000000000    0x256b7
 .debug_macro   0x0000000000000000      0x279 ./Core/Src/adc.o
 .debug_macro   0x0000000000000279      0xa7e ./Core/Src/adc.o
 .debug_macro   0x0000000000000cf7      0x15b ./Core/Src/adc.o
 .debug_macro   0x0000000000000e52       0x2e ./Core/Src/adc.o
 .debug_macro   0x0000000000000e80       0x28 ./Core/Src/adc.o
 .debug_macro   0x0000000000000ea8       0x22 ./Core/Src/adc.o
 .debug_macro   0x0000000000000eca       0x8e ./Core/Src/adc.o
 .debug_macro   0x0000000000000f58       0x51 ./Core/Src/adc.o
 .debug_macro   0x0000000000000fa9      0x103 ./Core/Src/adc.o
 .debug_macro   0x00000000000010ac       0x6a ./Core/Src/adc.o
 .debug_macro   0x0000000000001116      0x1df ./Core/Src/adc.o
 .debug_macro   0x00000000000012f5       0x1c ./Core/Src/adc.o
 .debug_macro   0x0000000000001311       0x22 ./Core/Src/adc.o
 .debug_macro   0x0000000000001333       0xfb ./Core/Src/adc.o
 .debug_macro   0x000000000000142e     0x1011 ./Core/Src/adc.o
 .debug_macro   0x000000000000243f      0x11f ./Core/Src/adc.o
 .debug_macro   0x000000000000255e    0x11396 ./Core/Src/adc.o
 .debug_macro   0x00000000000138f4       0x6d ./Core/Src/adc.o
 .debug_macro   0x0000000000013961     0x3554 ./Core/Src/adc.o
 .debug_macro   0x0000000000016eb5      0x174 ./Core/Src/adc.o
 .debug_macro   0x0000000000017029       0x5c ./Core/Src/adc.o
 .debug_macro   0x0000000000017085     0x141d ./Core/Src/adc.o
 .debug_macro   0x00000000000184a2      0x535 ./Core/Src/adc.o
 .debug_macro   0x00000000000189d7      0x1b6 ./Core/Src/adc.o
 .debug_macro   0x0000000000018b8d      0x288 ./Core/Src/adc.o
 .debug_macro   0x0000000000018e15      0x41d ./Core/Src/adc.o
 .debug_macro   0x0000000000019232      0x18b ./Core/Src/adc.o
 .debug_macro   0x00000000000193bd       0x43 ./Core/Src/adc.o
 .debug_macro   0x0000000000019400      0x23d ./Core/Src/adc.o
 .debug_macro   0x000000000001963d     0x10fd ./Core/Src/adc.o
 .debug_macro   0x000000000001a73a      0x72e ./Core/Src/adc.o
 .debug_macro   0x000000000001ae68      0x391 ./Core/Src/adc.o
 .debug_macro   0x000000000001b1f9      0x211 ./Core/Src/adc.o
 .debug_macro   0x000000000001b40a      0x6af ./Core/Src/adc.o
 .debug_macro   0x000000000001bab9      0x401 ./Core/Src/adc.o
 .debug_macro   0x000000000001beba      0x107 ./Core/Src/adc.o
 .debug_macro   0x000000000001bfc1      0x122 ./Core/Src/adc.o
 .debug_macro   0x000000000001c0e3      0x3d1 ./Core/Src/adc.o
 .debug_macro   0x000000000001c4b4      0x306 ./Core/Src/adc.o
 .debug_macro   0x000000000001c7ba      0x1c9 ./Core/Src/adc.o
 .debug_macro   0x000000000001c983      0x155 ./Core/Src/adc.o
 .debug_macro   0x000000000001cad8      0x3b9 ./Core/Src/adc.o
 .debug_macro   0x000000000001ce91      0x5f7 ./Core/Src/adc.o
 .debug_macro   0x000000000001d488      0x188 ./Core/Src/adc.o
 .debug_macro   0x000000000001d610       0xd0 ./Core/Src/adc.o
 .debug_macro   0x000000000001d6e0      0x28c ./Core/Src/adc.o
 .debug_macro   0x000000000001d96c      0x1a6 ./Core/Src/adc.o
 .debug_macro   0x000000000001db12       0x84 ./Core/Src/adc.o
 .debug_macro   0x000000000001db96      0x231 ./Core/Src/adc.o
 .debug_macro   0x000000000001ddc7      0x63e ./Core/Src/adc.o
 .debug_macro   0x000000000001e405      0x24e ./Core/Src/adc.o
 .debug_macro   0x000000000001e653      0xcf8 ./Core/Src/adc.o
 .debug_macro   0x000000000001f34b      0x40f ./Core/Src/adc.o
 .debug_macro   0x000000000001f75a      0x169 ./Core/Src/adc.o
 .debug_macro   0x000000000001f8c3      0x142 ./Core/Src/adc.o
 .debug_macro   0x000000000001fa05      0x279 ./Core/Src/comp.o
 .debug_macro   0x000000000001fc7e      0x279 ./Core/Src/dac.o
 .debug_macro   0x000000000001fef7      0x279 ./Core/Src/dma.o
 .debug_macro   0x0000000000020170      0x279 ./Core/Src/fdcan.o
 .debug_macro   0x00000000000203e9      0x279 ./Core/Src/gpio.o
 .debug_macro   0x0000000000020662      0x2c3 ./Core/Src/main.o
 .debug_macro   0x0000000000020925      0x26f ./Core/Src/stm32g4xx_hal_msp.o
 .debug_macro   0x0000000000020b94      0x279 ./Core/Src/stm32g4xx_it.o
 .debug_macro   0x0000000000020e0d      0x1d3 ./Core/Src/system_stm32g4xx.o
 .debug_macro   0x0000000000020fe0      0x279 ./Core/Src/tim.o
 .debug_macro   0x0000000000021259      0x279 ./Core/Src/usart.o
 .debug_macro   0x00000000000214d2      0x221 ./Drivers/STM32G4xx_HAL_Driver/Src/stm32g4xx_hal.o
 .debug_macro   0x00000000000216f3      0x1f0 ./Drivers/STM32G4xx_HAL_Driver/Src/stm32g4xx_hal_adc.o
 .debug_macro   0x00000000000218e3      0x1df ./Drivers/STM32G4xx_HAL_Driver/Src/stm32g4xx_hal_adc_ex.o
 .debug_macro   0x0000000000021ac2      0x1d3 ./Drivers/STM32G4xx_HAL_Driver/Src/stm32g4xx_hal_cortex.o
 .debug_macro   0x0000000000021c95      0x1d3 ./Drivers/STM32G4xx_HAL_Driver/Src/stm32g4xx_hal_dma.o
 .debug_macro   0x0000000000021e68      0x2e5 ./Drivers/STM32G4xx_HAL_Driver/Src/stm32g4xx_hal_fdcan.o
 .debug_macro   0x000000000002214d      0x1da ./Drivers/STM32G4xx_HAL_Driver/Src/stm32g4xx_hal_gpio.o
 .debug_macro   0x0000000000022327      0x1fd ./Drivers/STM32G4xx_HAL_Driver/Src/stm32g4xx_hal_pwr_ex.o
 .debug_macro   0x0000000000022524      0x208 ./Drivers/STM32G4xx_HAL_Driver/Src/stm32g4xx_ll_comp.o
 .debug_macro   0x000000000002272c      0x1c3 ./Drivers/STM32G4xx_HAL_Driver/Src/stm32g4xx_ll_comp.o
 .debug_macro   0x00000000000228ef      0x226 ./Drivers/STM32G4xx_HAL_Driver/Src/stm32g4xx_ll_dac.o
 .debug_macro   0x0000000000022b15      0x3b3 ./Drivers/STM32G4xx_HAL_Driver/Src/stm32g4xx_ll_dac.o
 .debug_macro   0x0000000000022ec8      0x200 ./Drivers/STM32G4xx_HAL_Driver/Src/stm32g4xx_ll_exti.o
 .debug_macro   0x00000000000230c8      0x14f ./Drivers/STM32G4xx_HAL_Driver/Src/stm32g4xx_ll_exti.o
 .debug_macro   0x0000000000023217      0x215 ./Drivers/STM32G4xx_HAL_Driver/Src/stm32g4xx_ll_gpio.o
 .debug_macro   0x000000000002342c      0x163 ./Drivers/STM32G4xx_HAL_Driver/Src/stm32g4xx_ll_gpio.o
 .debug_macro   0x000000000002358f      0x22a ./Drivers/STM32G4xx_HAL_Driver/Src/stm32g4xx_ll_rcc.o
 .debug_macro   0x00000000000237b9      0x5f1 ./Drivers/STM32G4xx_HAL_Driver/Src/stm32g4xx_ll_rcc.o
 .debug_macro   0x0000000000023daa      0x28c ./Drivers/STM32G4xx_HAL_Driver/Src/stm32g4xx_ll_tim.o
 .debug_macro   0x0000000000024036      0xcf2 ./Drivers/STM32G4xx_HAL_Driver/Src/stm32g4xx_ll_tim.o
 .debug_macro   0x0000000000024d28      0x248 ./Drivers/STM32G4xx_HAL_Driver/Src/stm32g4xx_ll_usart.o
 .debug_macro   0x0000000000024f70      0x409 ./Drivers/STM32G4xx_HAL_Driver/Src/stm32g4xx_ll_usart.o
 .debug_macro   0x0000000000025379      0x2c0 ./Drivers/STM32G4xx_HAL_Driver/Src/stm32g4xx_ll_utils.o
 .debug_macro   0x0000000000025639       0x7e ./Drivers/STM32G4xx_HAL_Driver/Src/stm32g4xx_ll_utils.o

.debug_line     0x0000000000000000    0x15b94
 .debug_line    0x0000000000000000      0xa55 ./Core/Src/adc.o
 .debug_line    0x0000000000000a55      0x96d ./Core/Src/comp.o
 .debug_line    0x00000000000013c2      0x90c ./Core/Src/dac.o
 .debug_line    0x0000000000001cce      0x831 ./Core/Src/dma.o
 .debug_line    0x00000000000024ff      0x8d9 ./Core/Src/fdcan.o
 .debug_line    0x0000000000002dd8      0xaac ./Core/Src/gpio.o
 .debug_line    0x0000000000003884      0xb93 ./Core/Src/main.o
 .debug_line    0x0000000000004417      0x837 ./Core/Src/stm32g4xx_hal_msp.o
 .debug_line    0x0000000000004c4e      0x927 ./Core/Src/stm32g4xx_it.o
 .debug_line    0x0000000000005575      0x744 ./Core/Src/system_stm32g4xx.o
 .debug_line    0x0000000000005cb9     0x108d ./Core/Src/tim.o
 .debug_line    0x0000000000006d46      0xa64 ./Core/Src/usart.o
 .debug_line    0x00000000000077aa       0x89 ./Core/Startup/startup_stm32g431cbtx.o
 .debug_line    0x0000000000007833      0xabb ./Drivers/STM32G4xx_HAL_Driver/Src/stm32g4xx_hal.o
 .debug_line    0x00000000000082ee     0x1e56 ./Drivers/STM32G4xx_HAL_Driver/Src/stm32g4xx_hal_adc.o
 .debug_line    0x000000000000a144     0x18b9 ./Drivers/STM32G4xx_HAL_Driver/Src/stm32g4xx_hal_adc_ex.o
 .debug_line    0x000000000000b9fd      0xc6e ./Drivers/STM32G4xx_HAL_Driver/Src/stm32g4xx_hal_cortex.o
 .debug_line    0x000000000000c66b      0xe27 ./Drivers/STM32G4xx_HAL_Driver/Src/stm32g4xx_hal_dma.o
 .debug_line    0x000000000000d492     0x1824 ./Drivers/STM32G4xx_HAL_Driver/Src/stm32g4xx_hal_fdcan.o
 .debug_line    0x000000000000ecb6      0xafe ./Drivers/STM32G4xx_HAL_Driver/Src/stm32g4xx_hal_gpio.o
 .debug_line    0x000000000000f7b4      0xc72 ./Drivers/STM32G4xx_HAL_Driver/Src/stm32g4xx_hal_pwr_ex.o
 .debug_line    0x0000000000010426      0x787 ./Drivers/STM32G4xx_HAL_Driver/Src/stm32g4xx_ll_comp.o
 .debug_line    0x0000000000010bad      0x7f7 ./Drivers/STM32G4xx_HAL_Driver/Src/stm32g4xx_ll_dac.o
 .debug_line    0x00000000000113a4      0x958 ./Drivers/STM32G4xx_HAL_Driver/Src/stm32g4xx_ll_exti.o
 .debug_line    0x0000000000011cfc      0x9f8 ./Drivers/STM32G4xx_HAL_Driver/Src/stm32g4xx_ll_gpio.o
 .debug_line    0x00000000000126f4     0x10f5 ./Drivers/STM32G4xx_HAL_Driver/Src/stm32g4xx_ll_rcc.o
 .debug_line    0x00000000000137e9      0xe4e ./Drivers/STM32G4xx_HAL_Driver/Src/stm32g4xx_ll_tim.o
 .debug_line    0x0000000000014637      0x938 ./Drivers/STM32G4xx_HAL_Driver/Src/stm32g4xx_ll_usart.o
 .debug_line    0x0000000000014f6f      0xc25 ./Drivers/STM32G4xx_HAL_Driver/Src/stm32g4xx_ll_utils.o

.debug_str      0x0000000000000000    0xe47b6
 .debug_str     0x0000000000000000    0xd8f65 ./Core/Src/adc.o
                                      0xd9def (size before relaxing)
 .debug_str     0x00000000000d8f65      0x1af ./Core/Src/comp.o
                                      0xd9816 (size before relaxing)
 .debug_str     0x00000000000d9114      0x1b5 ./Core/Src/dac.o
                                      0xd987a (size before relaxing)
 .debug_str     0x00000000000d92c9      0x48c ./Core/Src/dma.o
                                      0xd9a92 (size before relaxing)
 .debug_str     0x00000000000d9755      0x37d ./Core/Src/fdcan.o
                                      0xd9f35 (size before relaxing)
 .debug_str     0x00000000000d9ad2      0x20d ./Core/Src/gpio.o
                                      0xd9db1 (size before relaxing)
 .debug_str     0x00000000000d9cdf      0x43d ./Core/Src/main.o
                                      0xda136 (size before relaxing)
 .debug_str     0x00000000000da11c       0x8e ./Core/Src/stm32g4xx_hal_msp.o
                                      0xd9670 (size before relaxing)
 .debug_str     0x00000000000da1aa      0x120 ./Core/Src/stm32g4xx_it.o
                                      0xd9bb8 (size before relaxing)
 .debug_str     0x00000000000da2ca       0x77 ./Core/Src/system_stm32g4xx.o
                                      0xc2498 (size before relaxing)
 .debug_str     0x00000000000da341      0x3e1 ./Core/Src/tim.o
                                      0xda157 (size before relaxing)
 .debug_str     0x00000000000da722      0x1b1 ./Core/Src/usart.o
                                      0xd98b5 (size before relaxing)
 .debug_str     0x00000000000da8d3       0x36 ./Core/Startup/startup_stm32g431cbtx.o
                                         0x66 (size before relaxing)
 .debug_str     0x00000000000da909      0x540 ./Drivers/STM32G4xx_HAL_Driver/Src/stm32g4xx_hal.o
                                      0xc2fb0 (size before relaxing)
 .debug_str     0x00000000000dae49      0xafe ./Drivers/STM32G4xx_HAL_Driver/Src/stm32g4xx_hal_adc.o
                                      0xc34e9 (size before relaxing)
 .debug_str     0x00000000000db947      0x65d ./Drivers/STM32G4xx_HAL_Driver/Src/stm32g4xx_hal_adc_ex.o
                                      0xc345f (size before relaxing)
 .debug_str     0x00000000000dbfa4      0x29a ./Drivers/STM32G4xx_HAL_Driver/Src/stm32g4xx_hal_cortex.o
                                      0xc2c5b (size before relaxing)
 .debug_str     0x00000000000dc23e      0x280 ./Drivers/STM32G4xx_HAL_Driver/Src/stm32g4xx_hal_dma.o
                                      0xc2872 (size before relaxing)
 .debug_str     0x00000000000dc4be     0x1305 ./Drivers/STM32G4xx_HAL_Driver/Src/stm32g4xx_hal_fdcan.o
                                      0xc3a31 (size before relaxing)
 .debug_str     0x00000000000dd7c3      0x112 ./Drivers/STM32G4xx_HAL_Driver/Src/stm32g4xx_hal_gpio.o
                                      0xc2623 (size before relaxing)
 .debug_str     0x00000000000dd8d5      0x455 ./Drivers/STM32G4xx_HAL_Driver/Src/stm32g4xx_hal_pwr_ex.o
                                      0xc2986 (size before relaxing)
 .debug_str     0x00000000000ddd2a      0xe25 ./Drivers/STM32G4xx_HAL_Driver/Src/stm32g4xx_ll_comp.o
                                      0xc40f9 (size before relaxing)
 .debug_str     0x00000000000deb4f     0x11ee ./Drivers/STM32G4xx_HAL_Driver/Src/stm32g4xx_ll_dac.o
                                      0xc6282 (size before relaxing)
 .debug_str     0x00000000000dfd3d      0x3fa ./Drivers/STM32G4xx_HAL_Driver/Src/stm32g4xx_ll_exti.o
                                      0xc2e2e (size before relaxing)
 .debug_str     0x00000000000e0137      0x5f8 ./Drivers/STM32G4xx_HAL_Driver/Src/stm32g4xx_ll_gpio.o
                                      0xc3d1a (size before relaxing)
 .debug_str     0x00000000000e072f      0xa37 ./Drivers/STM32G4xx_HAL_Driver/Src/stm32g4xx_ll_rcc.o
                                      0xc6256 (size before relaxing)
 .debug_str     0x00000000000e1166     0x1d74 ./Drivers/STM32G4xx_HAL_Driver/Src/stm32g4xx_ll_tim.o
                                      0xcb3e2 (size before relaxing)
 .debug_str     0x00000000000e2eda      0xa34 ./Drivers/STM32G4xx_HAL_Driver/Src/stm32g4xx_ll_usart.o
                                      0xc86cb (size before relaxing)
 .debug_str     0x00000000000e390e      0xea8 ./Drivers/STM32G4xx_HAL_Driver/Src/stm32g4xx_ll_utils.o
                                      0xc8a93 (size before relaxing)

.comment        0x0000000000000000       0x50
 .comment       0x0000000000000000       0x50 ./Core/Src/adc.o
                                         0x51 (size before relaxing)
 .comment       0x0000000000000050       0x51 ./Core/Src/comp.o
 .comment       0x0000000000000050       0x51 ./Core/Src/dac.o
 .comment       0x0000000000000050       0x51 ./Core/Src/dma.o
 .comment       0x0000000000000050       0x51 ./Core/Src/fdcan.o
 .comment       0x0000000000000050       0x51 ./Core/Src/gpio.o
 .comment       0x0000000000000050       0x51 ./Core/Src/main.o
 .comment       0x0000000000000050       0x51 ./Core/Src/stm32g4xx_hal_msp.o
 .comment       0x0000000000000050       0x51 ./Core/Src/stm32g4xx_it.o
 .comment       0x0000000000000050       0x51 ./Core/Src/system_stm32g4xx.o
 .comment       0x0000000000000050       0x51 ./Core/Src/tim.o
 .comment       0x0000000000000050       0x51 ./Core/Src/usart.o
 .comment       0x0000000000000050       0x51 ./Drivers/STM32G4xx_HAL_Driver/Src/stm32g4xx_hal.o
 .comment       0x0000000000000050       0x51 ./Drivers/STM32G4xx_HAL_Driver/Src/stm32g4xx_hal_adc.o
 .comment       0x0000000000000050       0x51 ./Drivers/STM32G4xx_HAL_Driver/Src/stm32g4xx_hal_adc_ex.o
 .comment       0x0000000000000050       0x51 ./Drivers/STM32G4xx_HAL_Driver/Src/stm32g4xx_hal_cortex.o
 .comment       0x0000000000000050       0x51 ./Drivers/STM32G4xx_HAL_Driver/Src/stm32g4xx_hal_dma.o
 .comment       0x0000000000000050       0x51 ./Drivers/STM32G4xx_HAL_Driver/Src/stm32g4xx_hal_fdcan.o
 .comment       0x0000000000000050       0x51 ./Drivers/STM32G4xx_HAL_Driver/Src/stm32g4xx_hal_gpio.o
 .comment       0x0000000000000050       0x51 ./Drivers/STM32G4xx_HAL_Driver/Src/stm32g4xx_hal_pwr_ex.o
 .comment       0x0000000000000050       0x51 ./Drivers/STM32G4xx_HAL_Driver/Src/stm32g4xx_ll_comp.o
 .comment       0x0000000000000050       0x51 ./Drivers/STM32G4xx_HAL_Driver/Src/stm32g4xx_ll_dac.o
 .comment       0x0000000000000050       0x51 ./Drivers/STM32G4xx_HAL_Driver/Src/stm32g4xx_ll_exti.o
 .comment       0x0000000000000050       0x51 ./Drivers/STM32G4xx_HAL_Driver/Src/stm32g4xx_ll_gpio.o
 .comment       0x0000000000000050       0x51 ./Drivers/STM32G4xx_HAL_Driver/Src/stm32g4xx_ll_rcc.o
 .comment       0x0000000000000050       0x51 ./Drivers/STM32G4xx_HAL_Driver/Src/stm32g4xx_ll_tim.o
 .comment       0x0000000000000050       0x51 ./Drivers/STM32G4xx_HAL_Driver/Src/stm32g4xx_ll_usart.o
 .comment       0x0000000000000050       0x51 ./Drivers/STM32G4xx_HAL_Driver/Src/stm32g4xx_ll_utils.o

.debug_frame    0x0000000000000000     0x5834
 .debug_frame   0x0000000000000000       0xc8 ./Core/Src/adc.o
 .debug_frame   0x00000000000000c8       0xf4 ./Core/Src/comp.o
 .debug_frame   0x00000000000001bc       0xf8 ./Core/Src/dac.o
 .debug_frame   0x00000000000002b4       0x34 ./Core/Src/dma.o
 .debug_frame   0x00000000000002e8       0x9c ./Core/Src/fdcan.o
 .debug_frame   0x0000000000000384      0x194 ./Core/Src/gpio.o
 .debug_frame   0x0000000000000518      0x308 ./Core/Src/main.o
 .debug_frame   0x0000000000000820       0x34 ./Core/Src/stm32g4xx_hal_msp.o
 .debug_frame   0x0000000000000854      0x13c ./Core/Src/stm32g4xx_it.o
 .debug_frame   0x0000000000000990       0x58 ./Core/Src/system_stm32g4xx.o
 .debug_frame   0x00000000000009e8      0x430 ./Core/Src/tim.o
 .debug_frame   0x0000000000000e18      0x1c4 ./Core/Src/usart.o
 .debug_frame   0x0000000000000fdc      0x4a0 ./Drivers/STM32G4xx_HAL_Driver/Src/stm32g4xx_hal.o
 .debug_frame   0x000000000000147c      0xacc ./Drivers/STM32G4xx_HAL_Driver/Src/stm32g4xx_hal_adc.o
 .debug_frame   0x0000000000001f48      0x81c ./Drivers/STM32G4xx_HAL_Driver/Src/stm32g4xx_hal_adc_ex.o
 .debug_frame   0x0000000000002764      0x498 ./Drivers/STM32G4xx_HAL_Driver/Src/stm32g4xx_hal_cortex.o
 .debug_frame   0x0000000000002bfc      0x24c ./Drivers/STM32G4xx_HAL_Driver/Src/stm32g4xx_hal_dma.o
 .debug_frame   0x0000000000002e48      0x9b0 ./Drivers/STM32G4xx_HAL_Driver/Src/stm32g4xx_hal_fdcan.o
 .debug_frame   0x00000000000037f8      0x14c ./Drivers/STM32G4xx_HAL_Driver/Src/stm32g4xx_hal_gpio.o
 .debug_frame   0x0000000000003944      0x4fc ./Drivers/STM32G4xx_HAL_Driver/Src/stm32g4xx_hal_pwr_ex.o
 .debug_frame   0x0000000000003e40       0xa8 ./Drivers/STM32G4xx_HAL_Driver/Src/stm32g4xx_ll_comp.o
 .debug_frame   0x0000000000003ee8       0xf8 ./Drivers/STM32G4xx_HAL_Driver/Src/stm32g4xx_ll_dac.o
 .debug_frame   0x0000000000003fe0      0x2fc ./Drivers/STM32G4xx_HAL_Driver/Src/stm32g4xx_ll_exti.o
 .debug_frame   0x00000000000042dc      0x1c0 ./Drivers/STM32G4xx_HAL_Driver/Src/stm32g4xx_ll_gpio.o
 .debug_frame   0x000000000000449c      0x74c ./Drivers/STM32G4xx_HAL_Driver/Src/stm32g4xx_ll_rcc.o
 .debug_frame   0x0000000000004be8      0x5d0 ./Drivers/STM32G4xx_HAL_Driver/Src/stm32g4xx_ll_tim.o
 .debug_frame   0x00000000000051b8      0x238 ./Drivers/STM32G4xx_HAL_Driver/Src/stm32g4xx_ll_usart.o
 .debug_frame   0x00000000000053f0      0x3f8 ./Drivers/STM32G4xx_HAL_Driver/Src/stm32g4xx_ll_utils.o
 .debug_frame   0x00000000000057e8       0x2c c:/st/stm32cubeide_1.12.1/stm32cubeide/plugins/com.st.stm32cube.ide.mcu.externaltools.gnu-tools-for-stm32.10.3-2021.10.win32_1.0.200.202301161003/tools/bin/../lib/gcc/arm-none-eabi/10.3.1/../../../../arm-none-eabi/lib/thumb/v7e-m+fp/hard\libc_nano.a(lib_a-init.o)
 .debug_frame   0x0000000000005814       0x20 c:/st/stm32cubeide_1.12.1/stm32cubeide/plugins/com.st.stm32cube.ide.mcu.externaltools.gnu-tools-for-stm32.10.3-2021.10.win32_1.0.200.202301161003/tools/bin/../lib/gcc/arm-none-eabi/10.3.1/../../../../arm-none-eabi/lib/thumb/v7e-m+fp/hard\libc_nano.a(lib_a-memset.o)
